Archive member included to satisfy reference by file (symbol)

app/libapp.a(main.cpp.obj)    (--whole-archive)
app/libapp.a(pump_state_machine.cpp.obj)
                              (--whole-archive)
app/libapp.a(command_parser.cpp.obj)
                              (--whole-archive)
app/libapp.a(alarm_manager.cpp.obj)
                              (--whole-archive)
app/libapp.a(volume_tracker.cpp.obj)
                              (--whole-archive)
app/libapp.a(gpio_zephyr.cpp.obj)
                              (--whole-archive)
app/libapp.a(stepper_driver_zephyr.cpp.obj)
                              (--whole-archive)
app/libapp.a(uart_zephyr.cpp.obj)
                              (--whole-archive)
app/libapp.a(state_idle.cpp.obj)
                              (--whole-archive)
app/libapp.a(state_priming.cpp.obj)
                              (--whole-archive)
app/libapp.a(state_infusing.cpp.obj)
                              (--whole-archive)
app/libapp.a(state_paused.cpp.obj)
                              (--whole-archive)
app/libapp.a(state_occlusion_alarm.cpp.obj)
                              (--whole-archive)
app/libapp.a(state_complete.cpp.obj)
                              (--whole-archive)
zephyr/libzephyr.a(validate_libc.c.obj)
                              (--whole-archive)
zephyr/libzephyr.a(cpp_dtors.c.obj)
                              (--whole-archive)
zephyr/libzephyr.a(heap.c.obj)
                              (--whole-archive)
zephyr/libzephyr.a(boot_banner.c.obj)
                              (--whole-archive)
zephyr/libzephyr.a(cbprintf_packaged.c.obj)
                              (--whole-archive)
zephyr/libzephyr.a(clock.c.obj)
                              (--whole-archive)
zephyr/libzephyr.a(printk.c.obj)
                              (--whole-archive)
zephyr/libzephyr.a(cbprintf_complete.c.obj)
                              (--whole-archive)
zephyr/libzephyr.a(assert.c.obj)
                              (--whole-archive)
zephyr/libzephyr.a(dec.c.obj)
                              (--whole-archive)
zephyr/libzephyr.a(hex.c.obj)
                              (--whole-archive)
zephyr/libzephyr.a(rb.c.obj)  (--whole-archive)
zephyr/libzephyr.a(set.c.obj)
                              (--whole-archive)
zephyr/libzephyr.a(timeutil.c.obj)
                              (--whole-archive)
zephyr/libzephyr.a(bitarray.c.obj)
                              (--whole-archive)
zephyr/libzephyr.a(bitmask.c.obj)
                              (--whole-archive)
zephyr/libzephyr.a(getopt.c.obj)
                              (--whole-archive)
zephyr/libzephyr.a(getopt_common.c.obj)
                              (--whole-archive)
zephyr/libzephyr.a(ring_buffer.c.obj)
                              (--whole-archive)
zephyr/libzephyr.a(last_section_id.c.obj)
                              (--whole-archive)
zephyr/libzephyr.a(configs.c.obj)
                              (--whole-archive)
zephyr/libzephyr.a(stm32cube_hal.c.obj)
                              (--whole-archive)
zephyr/libzephyr.a(soc_config.c.obj)
                              (--whole-archive)
zephyr/libzephyr.a(gpioport_mgr.c.obj)
                              (--whole-archive)
zephyr/libzephyr.a(stm32_backup_domain.c.obj)
                              (--whole-archive)
zephyr/libzephyr.a(soc.c.obj)
                              (--whole-archive)
zephyr/libzephyr.a(mem_attr.c.obj)
                              (--whole-archive)
zephyr/libzephyr.a(tracing_none.c.obj)
                              (--whole-archive)
zephyr/libzephyr.a(sem.c.obj)
                              (--whole-archive)
zephyr/libzephyr.a(thread_entry.c.obj)
                              (--whole-archive)
zephyr/arch/common/libarch__common.a(sw_isr_common.c.obj)
                              (--whole-archive)
zephyr/arch/common/libarch__common.a(init.c.obj)
                              (--whole-archive)
zephyr/arch/common/libarch__common.a(xip.c.obj)
                              (--whole-archive)
zephyr/arch/arch/arm/core/libarch__arm__core.a(fatal.c.obj)
                              (--whole-archive)
zephyr/arch/arch/arm/core/libarch__arm__core.a(nmi.c.obj)
                              (--whole-archive)
zephyr/arch/arch/arm/core/libarch__arm__core.a(nmi_on_reset.S.obj)
                              (--whole-archive)
zephyr/arch/arch/arm/core/libarch__arm__core.a(__aeabi_atexit.c.obj)
                              (--whole-archive)
zephyr/arch/arch/arm/core/libarch__arm__core.a(tls.c.obj)
                              (--whole-archive)
zephyr/arch/arch/arm/core/cortex_m/libarch__arm__core__cortex_m.a(fault.c.obj)
                              (--whole-archive)
zephyr/arch/arch/arm/core/cortex_m/libarch__arm__core__cortex_m.a(fault_s.S.obj)
                              (--whole-archive)
zephyr/arch/arch/arm/core/cortex_m/libarch__arm__core__cortex_m.a(fpu.c.obj)
                              (--whole-archive)
[...]
Memory Configuration

Name             Origin             Length             Attributes
FLASH            0x08000000         0x00080000         xr
RAM              0x20000000         0x00020000         xw
SRAM0            0x20000000         0x00020000         rw
IDT_LIST         0xffff7fff         0x00008000         xw
*default*        0x00000000         0xffffffff

Linker script and memory map

                0x08003354                        vfprintf = __l_vfprintf
                0x00000000                        vfscanf = __l_vfscanf
LOAD zephyr/CMakeFiles/zephyr_final.dir/misc/empty_file.c.obj
LOAD zephyr/CMakeFiles/zephyr_final.dir/isr_tables.c.obj
LOAD zephyr/CMakeFiles/offsets.dir/./arch/arm/core/offsets/offsets.c.obj
LOAD app/libapp.a
LOAD zephyr/libzephyr.a
LOAD zephyr/arch/common/libarch__common.a
LOAD zephyr/arch/arch/arm/core/libarch__arm__core.a
LOAD zephyr/arch/arch/arm/core/cortex_m/libarch__arm__core__cortex_m.a
LOAD zephyr/arch/arch/arm/core/mpu/libarch__arm__core__mpu.a
LOAD zephyr/lib/libc/picolibc/liblib__libc__picolibc.a
LOAD zephyr/lib/libc/common/liblib__libc__common.a
LOAD zephyr/subsys/portability/posix/c_lib_ext/libsubsys__portability__posix__c_lib_ext.a
LOAD zephyr/drivers/interrupt_controller/libdrivers__interrupt_controller.a
LOAD zephyr/drivers/clock_control/libdrivers__clock_control.a
LOAD zephyr/drivers/console/libdrivers__console.a
LOAD zephyr/drivers/pinctrl/libdrivers__pinctrl.a
LOAD zephyr/drivers/reset/libdrivers__reset.a
LOAD zephyr/drivers/serial/libdrivers__serial.a
LOAD zephyr/drivers/timer/libdrivers__timer.a
LOAD modules/hal_stm32/stm32cube/lib..__modules__hal__stm32__stm32cube.a
LOAD zephyr/kernel/libkernel.a
LOAD zephyr/arch/common/libisr_tables.a
LOAD /home/thanga-inc-5829/zephyr-sdk-1.0.1/gnu/arm-zephyr-eabi/bin/../lib/gcc/arm-zephyr-eabi/14.3.0/../../../../arm-zephyr-eabi/lib/thumb/v7e-m/nofp/space/libstdc++.a
LOAD /home/thanga-inc-5829/zephyr-sdk-1.0.1/gnu/arm-zephyr-eabi/bin/../lib/gcc/arm-zephyr-eabi/14.3.0/../../../../arm-zephyr-eabi/lib/thumb/v7e-m/nofp/space/libc.a
LOAD /home/thanga-inc-5829/zephyr-sdk-1.0.1/gnu/arm-zephyr-eabi/bin/../lib/gcc/arm-zephyr-eabi/14.3.0/thumb/v7e-m/nofp/space/libgcc.a
                0x00000020                        _region_min_align = 0x20

.rel.plt        0x08000000        0x0
 *(SORT_BY_ALIGNMENT(.rel.plt))
                [!provide]                        PROVIDE (__rel_iplt_start = .)
 *(SORT_BY_ALIGNMENT(.rel.iplt))
 .rel.iplt      0x08000000        0x0 zephyr/CMakeFiles/zephyr_final.dir/isr_tables.c.obj
                [!provide]                        PROVIDE (__rel_iplt_end = .)

.rela.plt       0x00000000        0x0
 *(SORT_BY_ALIGNMENT(.rela.plt))
                [!provide]                        PROVIDE (__rela_iplt_start = .)
 *(SORT_BY_ALIGNMENT(.rela.iplt))
                [!provide]                        PROVIDE (__rela_iplt_end = .)

.rel.dyn
 *(SORT_BY_ALIGNMENT(.rel.*))

.rela.dyn
 *(SORT_BY_ALIGNMENT(.rela.*))

/DISCARD/
 *(SORT_BY_ALIGNMENT(.plt))

/DISCARD/
 *(SORT_BY_ALIGNMENT(.iplt))
                0x08000000                        __rom_region_start = 0x8000000

rom_start       0x08000000      0x1b0
                0x08000000                        __rom_start_address = .
 FILL mask 0x00
                0x08000000                        . = (. + (0x0 - (. - __rom_start_address)))
                0x08000000                        . = ALIGN (0x4)
                0x08000000                        . = ALIGN (0x80)
                0x08000000                        . = ALIGN (0x200)
                0x08000000                        _vector_start = .
 *(SORT_BY_ALIGNMENT(.exc_vector_table))
 *(SORT_BY_ALIGNMENT(.exc_vector_table.*))
 .exc_vector_table._vector_table_section
                0x08000000       0x40 zephyr/arch/arch/arm/core/cortex_m/libarch__arm__core__cortex_m.a(vector_table.S.obj)
                0x08000000                _vector_table
 *(SORT_BY_ALIGNMENT(.vectors))
                0x080001b0                        _vector_end = .
                0x08000040                        . = ALIGN (0x4)
 *(SORT_BY_ALIGNMENT(.gnu.linkonce.irq_vector_table*))
 .gnu.linkonce.irq_vector_table
                0x08000040      0x170 zephyr/CMakeFiles/zephyr_final.dir/isr_tables.c.obj
                0x08000040                _irq_vector_table
                0x080001b0                        _vector_end = .

text            0x080001b0     0x4418
                0x080001b0                        __text_region_start = .
 *(SORT_BY_ALIGNMENT(.text))
 .text          0x080001b0      0x2a0 /home/thanga-inc-5829/zephyr-sdk-1.0.1/gnu/arm-zephyr-eabi/bin/../lib/gcc/arm-zephyr-eabi/14.3.0/thumb/v7e-m/nofp/space/libgcc.a(_arm_muldivsf3.o)
                0x080001b0                __mulsf3
                0x080001b0                __aeabi_fmul
                0x08000318                __divsf3
                0x08000318                __aeabi_fdiv
 .text          0x08000450       0xec /home/thanga-inc-5829/zephyr-sdk-1.0.1/gnu/arm-zephyr-eabi/bin/../lib/gcc/arm-zephyr-eabi/14.3.0/thumb/v7e-m/nofp/space/libgcc.a(_arm_cmpsf2.o)
                0x08000450                __gtsf2
                0x08000450                __gesf2
                0x08000458                __lesf2
                0x08000458                __ltsf2
                0x08000460                __nesf2
                0x08000460                __eqsf2
                0x08000460                __cmpsf2
                0x080004c0                __aeabi_cfrcmple
                0x080004c8                __aeabi_cfcmple
                0x080004c8                __aeabi_cfcmpeq
                0x080004d8                __aeabi_fcmpeq
                0x080004ec                __aeabi_fcmplt
                0x08000500                __aeabi_fcmple
                0x08000514                __aeabi_fcmpge
                0x08000528                __aeabi_fcmpgt
 .text          0x0800053c       0x40 /home/thanga-inc-5829/zephyr-sdk-1.0.1/gnu/arm-zephyr-eabi/bin/../lib/gcc/arm-zephyr-eabi/14.3.0/thumb/v7e-m/nofp/space/libgcc.a(_arm_fixunssfsi.o)
                0x0800053c                __aeabi_f2uiz
                0x0800053c                __fixunssfsi
 .text          0x0800057c       0x30 /home/thanga-inc-5829/zephyr-sdk-1.0.1/gnu/arm-zephyr-eabi/bin/../lib/gcc/arm-zephyr-eabi/14.3.0/thumb/v7e-m/nofp/space/libgcc.a(_aeabi_uldivmod.o)
                0x0800057c                __aeabi_uldivmod
 .text          0x080005ac        0x4 /home/thanga-inc-5829/zephyr-sdk-1.0.1/gnu/arm-zephyr-eabi/bin/../lib/gcc/arm-zephyr-eabi/14.3.0/thumb/v7e-m/nofp/space/libgcc.a(_dvmd_tls.o)
                0x080005ac                __aeabi_ldiv0
                0x080005ac                __aeabi_idiv0
 .text          0x080005b0      0x2bc /home/thanga-inc-5829/zephyr-sdk-1.0.1/gnu/arm-zephyr-eabi/bin/../lib/gcc/arm-zephyr-eabi/14.3.0/thumb/v7e-m/nofp/space/libgcc.a(_udivmoddi4.o)
                0x080005b0                __udivmoddi4
 *(SORT_BY_ALIGNMENT(.text.*))
 .text._Z5th_fnPvS_S_
                0x0800086c       0xc4 app/libapp.a(main.cpp.obj)
                0x0800086c                th_fn(void*, void*, void*)
 .text.main     0x08000930       0x7c app/libapp.a(main.cpp.obj)
                0x08000930                main
 .text._GLOBAL__sub_I_alarm
                0x080009ac       0xb8 app/libapp.a(main.cpp.obj)
 .text._Z7sw1_isrPK6deviceP13gpio_callbackj
                0x08000a64        0xc app/libapp.a(gpio_zephyr.cpp.obj)
                0x08000a64                sw1_isr(device const*, gpio_callback*, unsigned int)
 .text._Z7sw2_isrPK6deviceP13gpio_callbackj
                0x08000a70        0xc app/libapp.a(gpio_zephyr.cpp.obj)
                0x08000a70                sw2_isr(device const*, gpio_callback*, unsigned int)
 .text.gpio_add_callback.constprop.0.isra.0
                0x08000a7c       0x14 app/libapp.a(gpio_zephyr.cpp.obj)
 .text._ZN6buzzer6updateEb
                0x08000a90       0x10 app/libapp.a(gpio_zephyr.cpp.obj)
                0x08000a90                buzzer::update(bool)
 .text.gpio_pin_configure_dt.isra.0
                0x08000aa0       0x3c app/libapp.a(gpio_zephyr.cpp.obj)
 .text.z_impl_gpio_pin_interrupt_configure.isra.0
                0x08000adc       0x34 app/libapp.a(gpio_zephyr.cpp.obj)
 .text._ZN3led6updateEb
                0x08000b10       0x10 app/libapp.a(gpio_zephyr.cpp.obj)
                0x08000b10                led::update(bool)
 .text._Z13hardware_initv
                0x08000b20       0xb8 app/libapp.a(gpio_zephyr.cpp.obj)
                0x08000b20                hardware_init()
 .text._ZN11MotorDriver5startEv
                0x08000bd8       0x18 app/libapp.a(stepper_driver_zephyr.cpp.obj)
                0x08000bd8                MotorDriver::start()
 .text._ZN11MotorDriver4stopEv
                0x08000bf0       0x10 app/libapp.a(stepper_driver_zephyr.cpp.obj)
                0x08000bf0                MotorDriver::stop()
 .text._ZN11MotorDriver7SetrateEf
                0x08000c00       0x44 app/libapp.a(stepper_driver_zephyr.cpp.obj)
                0x08000c00                MotorDriver::Setrate(float)
 .text._ZN9idleState7onenterEv
                0x08000c44       0x10 app/libapp.a(state_idle.cpp.obj)
                0x08000c44                idleState::onenter()
 .text._ZN9idleState4stopEv
                0x08000c54       0x10 app/libapp.a(state_idle.cpp.obj)
                0x08000c54                idleState::stop()
 .text._ZN9idleState5pauseEv
                0x08000c64       0x10 app/libapp.a(state_idle.cpp.obj)
                0x08000c64                idleState::complete()
                0x08000c64                idleState::pause()
 .text._ZN9idleState9occlusionEv
                0x08000c74       0x10 app/libapp.a(state_idle.cpp.obj)
                0x08000c74                idleState::occlusion()
 .text._ZN9idleState5startEv
                0x08000c84       0x20 app/libapp.a(state_idle.cpp.obj)
                0x08000c84                idleState::start()
 .text._ZN12primingState7onenterEv
                0x08000ca4       0x20 app/libapp.a(state_priming.cpp.obj)
                0x08000ca4                primingState::onenter()
 .text._ZN12primingState5pauseEv
                0x08000cc4       0x10 app/libapp.a(state_priming.cpp.obj)
                0x08000cc4                primingState::pause()
 .text._ZN12primingState4stopEv
                0x08000cd4       0x20 app/libapp.a(state_priming.cpp.obj)
                0x08000cd4                primingState::stop()
 .text._ZN13infusingState7onenterEv
                0x08000cf4       0x20 app/libapp.a(state_infusing.cpp.obj)
                0x08000cf4                infusingState::onenter()
 .text._ZN13infusingState5startEv
                0x08000d14       0x10 app/libapp.a(state_infusing.cpp.obj)
                0x08000d14                infusingState::start()
 .text._ZN12pausingState7onenterEv
                0x08000d24       0x20 app/libapp.a(state_paused.cpp.obj)
                0x08000d24                pausingState::onenter()
 .text._ZN12pausingState5pauseEv
                0x08000d44       0x10 app/libapp.a(state_paused.cpp.obj)
                0x08000d44                pausingState::pause()
 .text._ZN12pausingState9occlusionEv
                0x08000d54       0x10 app/libapp.a(state_paused.cpp.obj)
                0x08000d54                pausingState::occlusion()
 .text._ZN12pausingState8completeEv
                0x08000d64       0x10 app/libapp.a(state_paused.cpp.obj)
                0x08000d64                pausingState::complete()
 .text._ZN14occlusionState7onenterEv
                0x08000d74       0x28 app/libapp.a(state_occlusion_alarm.cpp.obj)
                0x08000d74                occlusionState::onenter()
 .text._ZN14occlusionState5startEv
                0x08000d9c       0x10 app/libapp.a(state_occlusion_alarm.cpp.obj)
                0x08000d9c                occlusionState::start()
 .text._ZN14occlusionState5pauseEv
                0x08000dac       0x10 app/libapp.a(state_occlusion_alarm.cpp.obj)
                0x08000dac                occlusionState::pause()
 .text._ZN14occlusionState9occlusionEv
                0x08000dbc       0x10 app/libapp.a(state_occlusion_alarm.cpp.obj)
                0x08000dbc                occlusionState::occlusion()
                0x08000dbc                occlusionState::complete()
 .text._ZN13completeState7onenterEv
                0x08000dcc       0x20 app/libapp.a(state_complete.cpp.obj)
                0x08000dcc                completeState::onenter()
 .text._ZN13completeState4stopEv
                0x08000dec       0x10 app/libapp.a(state_complete.cpp.obj)
                0x08000dec                completeState::occlusion()
                0x08000dec                completeState::complete()
                0x08000dec                completeState::pause()
                0x08000dec                completeState::stop()
 .text.boot_banner
                0x08000dfc       0x10 zephyr/libzephyr.a(boot_banner.c.obj)
 .text.char_out
                0x08000e0c        0xc zephyr/libzephyr.a(printk.c.obj)
 .text.__printk_hook_install
                0x08000e18        0xc zephyr/libzephyr.a(printk.c.obj)
                0x08000e18                __printk_hook_install
 .text.vprintk  0x08000e24       0x30 zephyr/libzephyr.a(printk.c.obj)
                0x08000e24                vprintk
 .text.st_stm32_common_config
                0x08000e54       0x14 zephyr/libzephyr.a(soc_config.c.obj)
 .text.stm32_gpioport_init
                0x08000e68       0x20 zephyr/libzephyr.a(gpioport_mgr.c.obj)
 .text.stm32_gpioport_get
                0x08000e88       0x24 zephyr/libzephyr.a(gpioport_mgr.c.obj)
                0x08000e88                stm32_gpioport_get
 .text.soc_early_init_hook
                0x08000eac       0x68 zephyr/libzephyr.a(soc.c.obj)
                0x08000eac                soc_early_init_hook
 .text.mem_attr_get_regions
                0x08000f14        0xc zephyr/libzephyr.a(mem_attr.c.obj)
                0x08000f14                mem_attr_get_regions
 .text.z_thread_entry
                0x08000f20       0x34 zephyr/libzephyr.a(thread_entry.c.obj)
                0x08000f20                z_thread_entry
 .text.arch_bss_zero
                0x08000f54       0x18 zephyr/arch/common/libarch__common.a(init.c.obj)
                0x08000f54                arch_bss_zero
 .text.arch_data_copy
                0x08000f6c       0x38 zephyr/arch/common/libarch__common.a(xip.c.obj)
                0x08000f6c                arch_data_copy
 .text.z_arm_fatal_error
                0x08000fa4       0x60 zephyr/arch/arch/arm/core/libarch__arm__core.a(fatal.c.obj)
                0x08000fa4                z_arm_fatal_error
 .text.z_SysNmiOnReset
                0x08001004        0x8 zephyr/arch/arch/arm/core/libarch__arm__core.a(nmi_on_reset.S.obj)
                0x08001004                z_SysNmiOnReset
 .text.arch_tls_stack_setup
                0x0800100c       0x40 zephyr/arch/arch/arm/core/libarch__arm__core.a(tls.c.obj)
                0x0800100c                arch_tls_stack_setup
 .text.mem_manage_fault
                0x0800104c       0xf0 zephyr/arch/arch/arm/core/cortex_m/libarch__arm__core__cortex_m.a(fault.c.obj)
 .text.usage_fault.isra.0
                0x0800113c       0x98 zephyr/arch/arch/arm/core/cortex_m/libarch__arm__core__cortex_m.a(fault.c.obj)
 .text.bus_fault.isra.0
                0x080011d4       0xb8 zephyr/arch/arch/arm/core/cortex_m/libarch__arm__core__cortex_m.a(fault.c.obj)
 .text.z_arm_fault
                0x0800128c      0x1a8 zephyr/arch/arch/arm/core/cortex_m/libarch__arm__core__cortex_m.a(fault.c.obj)
                0x0800128c                z_arm_fault
 .text.z_arm_fault_init
                0x08001434       0x18 zephyr/arch/arch/arm/core/cortex_m/libarch__arm__core__cortex_m.a(fault.c.obj)
                0x08001434                z_arm_fault_init
 .text.__fault  0x0800144c       0x14 zephyr/arch/arch/arm/core/cortex_m/libarch__arm__core__cortex_m.a(fault_s.S.obj)
                0x0800144c                z_arm_bus_fault
                0x0800144c                z_arm_usage_fault
                0x0800144c                z_arm_mpu_fault
                0x0800144c                z_arm_exc_spurious
                0x0800144c                z_arm_debug_monitor
                0x0800144c                z_arm_hard_fault
 .text._reset_section
                0x08001460       0x34 zephyr/arch/arch/arm/core/cortex_m/libarch__arm__core__cortex_m.a(reset.S.obj)
                0x08001460                z_arm_reset
                0x08001460                __start
 .text.z_arm_svc
                0x08001494       0x24 zephyr/arch/arch/arm/core/cortex_m/libarch__arm__core__cortex_m.a(svc.S.obj)
                0x08001494                z_arm_svc
 .text.arm_irq_priority_set
                0x080014b8       0x30 zephyr/arch/arch/arm/core/cortex_m/libarch__arm__core__cortex_m.a(irq_manage.c.obj)
                0x080014b8                arm_irq_priority_set
 .text.relocate_vector_table
                0x080014e8       0x1c zephyr/arch/arch/arm/core/cortex_m/libarch__arm__core__cortex_m.a(prep_c.c.obj)
                0x080014e8                relocate_vector_table
 .text.z_prep_c
                0x08001504       0x38 zephyr/arch/arch/arm/core/cortex_m/libarch__arm__core__cortex_m.a(prep_c.c.obj)
                0x08001504                z_prep_c
 .text.arch_new_thread
                0x0800153c       0x38 zephyr/arch/arch/arm/core/cortex_m/libarch__arm__core__cortex_m.a(thread.c.obj)
                0x0800153c                arch_new_thread
 .text.z_check_thread_stack_fail
                0x08001574       0x2c zephyr/arch/arch/arm/core/cortex_m/libarch__arm__core__cortex_m.a(thread.c.obj)
                0x08001574                z_check_thread_stack_fail
 .text.arch_switch_to_main_thread
                0x080015a0       0x3c zephyr/arch/arch/arm/core/cortex_m/libarch__arm__core__cortex_m.a(thread.c.obj)
                0x080015a0                arch_switch_to_main_thread
 .text.z_arm_cpu_idle_init
                0x080015dc        0xc zephyr/arch/arch/arm/core/cortex_m/libarch__arm__core__cortex_m.a(cpu_idle.c.obj)
                0x080015dc                z_arm_cpu_idle_init
 .text._HandlerModeExit
                0x080015e8       0x20 zephyr/arch/arch/arm/core/cortex_m/libarch__arm__core__cortex_m.a(exc_exit.c.obj)
                0x080015e8                z_arm_exc_exit
                0x080015e8                z_arm_int_exit
 .text.z_impl_k_thread_abort
                0x08001608       0x2c zephyr/arch/arch/arm/core/cortex_m/libarch__arm__core__cortex_m.a(thread_abort.c.obj)
                0x08001608                z_impl_k_thread_abort
 .text.z_arm_pendsv
                0x08001634       0x60 zephyr/arch/arch/arm/core/cortex_m/libarch__arm__core__cortex_m.a(swap_helper.S.obj)
                0x08001634                z_arm_pendsv
 .text.z_arm_interrupt_init
                0x08001694       0x18 zephyr/arch/arch/arm/core/cortex_m/libarch__arm__core__cortex_m.a(irq_init.c.obj)
                0x08001694                z_arm_interrupt_init
 .text._isr_wrapper
                0x080016ac       0x24 zephyr/arch/arch/arm/core/cortex_m/libarch__arm__core__cortex_m.a(isr_wrapper.c.obj)
                0x080016ac                _isr_wrapper
 .text.__aeabi_read_tp
                0x080016d0        0xc zephyr/arch/arch/arm/core/cortex_m/libarch__arm__core__cortex_m.a(__aeabi_read_tp.S.obj)
                0x080016d0                __aeabi_read_tp
 .text.z_arm_configure_static_mpu_regions
                0x080016dc       0x18 zephyr/arch/arch/arm/core/mpu/libarch__arm__core__mpu.a(arm_core_mpu.c.obj)
                0x080016dc                z_arm_configure_static_mpu_regions
 .text.z_arm_configure_dynamic_mpu_regions
                0x080016f4       0x20 zephyr/arch/arch/arm/core/mpu/libarch__arm__core__mpu.a(arm_core_mpu.c.obj)
                0x080016f4                z_arm_configure_dynamic_mpu_regions
 .text.region_init
                0x08001714       0x28 zephyr/arch/arch/arm/core/mpu/libarch__arm__core__mpu.a(arm_mpu.c.obj)
 .text.mpu_configure_regions
                0x0800173c       0x6c zephyr/arch/arch/arm/core/mpu/libarch__arm__core__mpu.a(arm_mpu.c.obj)
 .text.arm_core_mpu_enable
                0x080017a8       0x18 zephyr/arch/arch/arm/core/mpu/libarch__arm__core__mpu.a(arm_mpu.c.obj)
                0x080017a8                arm_core_mpu_enable
 .text.arm_core_mpu_disable
                0x080017c0       0x14 zephyr/arch/arch/arm/core/mpu/libarch__arm__core__mpu.a(arm_mpu.c.obj)
                0x080017c0                arm_core_mpu_disable
 .text.arm_core_mpu_configure_static_mpu_regions
                0x080017d4       0x14 zephyr/arch/arch/arm/core/mpu/libarch__arm__core__mpu.a(arm_mpu.c.obj)
                0x080017d4                arm_core_mpu_configure_static_mpu_regions
 .text.arm_core_mpu_configure_dynamic_mpu_regions
                0x080017e8       0x38 zephyr/arch/arch/arm/core/mpu/libarch__arm__core__mpu.a(arm_mpu.c.obj)
                0x080017e8                arm_core_mpu_configure_dynamic_mpu_regions
 .text.z_arm_mpu_init
                0x08001820      0x184 zephyr/arch/arch/arm/core/mpu/libarch__arm__core__mpu.a(arm_mpu.c.obj)
                0x08001820                z_arm_mpu_init
 .text.z_impl_zephyr_fputc
                0x080019a4       0x10 zephyr/lib/libc/picolibc/liblib__libc__picolibc.a(stdio.c.obj)
                0x080019a4                z_impl_zephyr_fputc
 .text.__stdout_hook_install
                0x080019b4       0x18 zephyr/lib/libc/picolibc/liblib__libc__picolibc.a(stdio.c.obj)
                0x080019b4                __stdout_hook_install
 .text.malloc_prepare
                0x080019cc       0x24 zephyr/lib/libc/common/liblib__libc__common.a(malloc.c.obj)
 .text.malloc_lock
                0x080019f0       0x14 zephyr/lib/libc/common/liblib__libc__common.a(malloc.c.obj)
 .text.malloc_unlock
                0x08001a04        0xc zephyr/lib/libc/common/liblib__libc__common.a(malloc.c.obj)
 .text.free     0x08001a10       0x1c zephyr/lib/libc/common/liblib__libc__common.a(malloc.c.obj)
                0x08001a10                free
 .text.stm32_exti_init
                0x08001a2c       0x2c zephyr/drivers/interrupt_controller/libdrivers__interrupt_controller.a(intc_exti_stm32.c.obj)
 .text.stm32_exti_is_pending
                0x08001a58       0x28 zephyr/drivers/interrupt_controller/libdrivers__interrupt_controller.a(intc_exti_stm32.c.obj)
                0x08001a58                stm32_exti_is_pending
 .text.stm32_exti_clear_pending
                0x08001a80       0x28 zephyr/drivers/interrupt_controller/libdrivers__interrupt_controller.a(intc_exti_stm32.c.obj)
                0x08001a80                stm32_exti_clear_pending
 .text.stm32_fill_irq_table
                0x08001aa8       0x18 zephyr/drivers/interrupt_controller/libdrivers__interrupt_controller.a(intc_gpio_stm32.c.obj)
 .text.stm32_intc_gpio_isr
                0x08001ac0       0x4c zephyr/drivers/interrupt_controller/libdrivers__interrupt_controller.a(intc_gpio_stm32.c.obj)
 .text.stm32_clock_control_get_subsys_rate
                0x08001b0c       0xb0 zephyr/drivers/clock_control/libdrivers__clock_control.a(clock_stm32_ll_common.c.obj)
 .text.stm32_clock_control_init
                0x08001bbc      0x150 zephyr/drivers/clock_control/libdrivers__clock_control.a(clock_stm32_ll_common.c.obj)
                0x08001bbc                stm32_clock_control_init
 .text.get_pllsrc_frequency
                0x08001d0c        0x8 zephyr/drivers/clock_control/libdrivers__clock_control.a(clock_stm32g4.c.obj)
                0x08001d0c                get_pllsrc_frequency
 .text.config_pll_sysclock
                0x08001d14       0x34 zephyr/drivers/clock_control/libdrivers__clock_control.a(clock_stm32g4.c.obj)
                0x08001d14                config_pll_sysclock
 .text.config_enable_default_clocks
                0x08001d48       0x20 zephyr/drivers/clock_control/libdrivers__clock_control.a(clock_stm32g4.c.obj)
                0x08001d48                config_enable_default_clocks
 .text.uart_console_init
                0x08001d68       0x28 zephyr/drivers/console/libdrivers__console.a(uart_console.c.obj)
 .text.console_out
                0x08001d90       0x28 zephyr/drivers/console/libdrivers__console.a(uart_console.c.obj)
 .text.uart_stm32_cfg2ll_stopbits
                0x08001db8       0x38 zephyr/drivers/serial/libdrivers__serial.a(uart_stm32.c.obj)
 .text.lpuartdiv_calc
                0x08001df0       0x30 zephyr/drivers/serial/libdrivers__serial.a(uart_stm32.c.obj)
                0x08001df0                lpuartdiv_calc
 .text.uart_stm32_set_baudrate.isra.0
                0x08001e20       0xb8 zephyr/drivers/serial/libdrivers__serial.a(uart_stm32.c.obj)
 .text.uart_stm32_configure
                0x08001ed8      0x10c zephyr/drivers/serial/libdrivers__serial.a(uart_stm32.c.obj)
 .text.uart_stm32_init
                0x08001fe4      0x14c zephyr/drivers/serial/libdrivers__serial.a(uart_stm32.c.obj)
 .text.elapsed  0x08002130       0x44 zephyr/drivers/timer/libdrivers__timer.a(cortex_m_systick.c.obj)
 .text.sys_clock_driver_init
                0x08002174       0x34 zephyr/drivers/timer/libdrivers__timer.a(cortex_m_systick.c.obj)
 .text.sys_clock_isr
                0x080021a8       0x70 zephyr/drivers/timer/libdrivers__timer.a(cortex_m_systick.c.obj)
                0x080021a8                sys_clock_isr
 .text.sys_clock_set_timeout
                0x08002218       0xf0 zephyr/drivers/timer/libdrivers__timer.a(cortex_m_systick.c.obj)
                0x08002218                sys_clock_set_timeout
 .text.sys_clock_elapsed
                0x08002308       0x2c zephyr/drivers/timer/libdrivers__timer.a(cortex_m_systick.c.obj)
                0x08002308                sys_clock_elapsed
 .text.HAL_RCC_GetSysClockFreq
                0x08002334       0x6c modules/hal_stm32/stm32cube/lib..__modules__hal__stm32__stm32cube.a(stm32g4xx_hal_rcc.c.obj)
                0x08002334                HAL_RCC_GetSysClockFreq
 .text.LL_SetFlashLatency
                0x080023a0       0xd4 modules/hal_stm32/stm32cube/lib..__modules__hal__stm32__stm32cube.a(stm32g4xx_ll_utils.c.obj)
                0x080023a0                LL_SetFlashLatency
 .text.z_fatal_error
                0x08002474       0x30 zephyr/kernel/libkernel.a(fatal.c.obj)
                0x08002474                z_fatal_error
 .text.z_sys_init_run_level
                0x080024a4       0x30 zephyr/kernel/libkernel.a(init.c.obj)
 .text.bg_thread_main
                0x080024d4       0xd8 zephyr/kernel/libkernel.a(init.c.obj)
 .text.z_init_cpu
                0x080025ac       0x70 zephyr/kernel/libkernel.a(init.c.obj)
                0x080025ac                z_init_cpu
 .text.z_cstart
                0x0800261c       0xcc zephyr/kernel/libkernel.a(init.c.obj)
                0x0800261c                z_cstart
 .text.z_impl_k_mutex_lock
                0x080026e8       0xe4 zephyr/kernel/libkernel.a(mutex.c.obj)
                0x080026e8                z_impl_k_mutex_lock
 .text.z_impl_k_mutex_unlock
                0x080027cc       0xa0 zephyr/kernel/libkernel.a(mutex.c.obj)
                0x080027cc                z_impl_k_mutex_unlock
 .text.z_setup_new_thread
                0x0800286c       0xa0 zephyr/kernel/libkernel.a(thread.c.obj)
                0x0800286c                z_setup_new_thread
 .text.z_dummy_thread_init
                0x0800290c       0x18 zephyr/kernel/libkernel.a(thread.c.obj)
                0x0800290c                z_dummy_thread_init
 .text.z_impl_k_wakeup
                0x08002924       0x48 zephyr/kernel/libkernel.a(thread.c.obj)
                0x08002924                z_impl_k_wakeup
 .text.z_impl_k_thread_create
                0x0800296c       0x58 zephyr/kernel/libkernel.a(thread.c.obj)
                0x0800296c                z_impl_k_thread_create
 .text.z_swap_irqlock
                0x080029c4       0x30 zephyr/kernel/libkernel.a(sched.c.obj)
 .text.unready_thread
                0x080029f4       0x54 zephyr/kernel/libkernel.a(sched.c.obj)
 .text.ready_thread
                0x08002a48       0x80 zephyr/kernel/libkernel.a(sched.c.obj)
 .text.reschedule.isra.0
                0x08002ac8       0x28 zephyr/kernel/libkernel.a(sched.c.obj)
 .text.move_current_to_end_of_prio_q
                0x08002af0       0x6c zephyr/kernel/libkernel.a(sched.c.obj)
                0x08002af0                move_current_to_end_of_prio_q
 .text.z_thread_halt
                0x08002b5c      0x12c zephyr/kernel/libkernel.a(sched.c.obj)
                0x08002b5c                z_thread_halt
 .text.z_sched_lock_reschedule
                0x08002c88       0x44 zephyr/kernel/libkernel.a(sched.c.obj)
                0x08002c88                z_sched_lock_reschedule
 .text.z_sched_yield
                0x08002ccc       0x84 zephyr/kernel/libkernel.a(sched.c.obj)
                0x08002ccc                z_sched_yield
 .text.z_pend_curr
                0x08002d50       0x58 zephyr/kernel/libkernel.a(sched.c.obj)
                0x08002d50                z_pend_curr
 .text.z_thread_prio_set
                0x08002da8       0xd8 zephyr/kernel/libkernel.a(sched.c.obj)
                0x08002da8                z_thread_prio_set
 .text.z_tick_sleep
                0x08002e80       0x90 zephyr/kernel/libkernel.a(sleep.c.obj)
 .text.z_sched_init
                0x08002f10       0x10 zephyr/kernel/libkernel.a(scheduler.c.obj)
                0x08002f10                z_sched_init
 .text.k_sched_lock
                0x08002f20       0x28 zephyr/kernel/libkernel.a(scheduler.c.obj)
                0x08002f20                k_sched_lock
 .text.k_sched_unlock
                0x08002f48       0x20 zephyr/kernel/libkernel.a(scheduler.c.obj)
                0x08002f48                k_sched_unlock
 .text.z_impl_k_sched_current_thread_query
                0x08002f68        0xc zephyr/kernel/libkernel.a(scheduler.c.obj)
                0x08002f68                z_impl_k_sched_current_thread_query
 .text.z_time_slice_size
                0x08002f74       0x40 zephyr/kernel/libkernel.a(timeslicing.c.obj)
 .text.slice_timeout
                0x08002fb4       0x20 zephyr/kernel/libkernel.a(timeslicing.c.obj)
 .text.z_time_slice_reset
                0x08002fd4       0x44 zephyr/kernel/libkernel.a(timeslicing.c.obj)
                0x08002fd4                z_time_slice_reset
 .text.z_time_slice
                0x08003018       0x5c zephyr/kernel/libkernel.a(timeslicing.c.obj)
                0x08003018                z_time_slice
 .text.first    0x08003074       0x10 zephyr/kernel/libkernel.a(timeout.c.obj)
 .text.elapsed  0x08003084       0x10 zephyr/kernel/libkernel.a(timeout.c.obj)
 .text.z_add_timeout
                0x08003094      0x130 zephyr/kernel/libkernel.a(timeout.c.obj)
                0x08003094                z_add_timeout
 .text.z_abort_timeout
                0x080031c4       0x90 zephyr/kernel/libkernel.a(timeout.c.obj)
                0x080031c4                z_abort_timeout
 .text.sys_clock_announce_locked
                0x08003254       0xd0 zephyr/kernel/libkernel.a(timeout.c.obj)
                0x08003254                sys_clock_announce_locked
 .text.sys_clock_tick_get
                0x08003324       0x30 zephyr/kernel/libkernel.a(timeout.c.obj)
                0x08003324                sys_clock_tick_get
 .text.__l_vfprintf
                0x08003354      0x488 /home/thanga-inc-5829/zephyr-sdk-1.0.1/gnu/arm-zephyr-eabi/bin/../lib/gcc/arm-zephyr-eabi/14.3.0/../../../../arm-zephyr-eabi/lib/thumb/v7e-m/nofp/space/libc.a(libc_tinystdio_vflprintf.c.o)
                0x08003354                __l_vfprintf
 .text._OffsetAbsSyms
                0x080037dc        0x2 zephyr/CMakeFiles/offsets.dir/./arch/arm/core/offsets/offsets.c.obj
                0x080037dc                _OffsetAbsSyms
 .text._ZN3ledD2Ev
                0x080037de        0x2 app/libapp.a(main.cpp.obj)
                0x080037de                led::~led()
                0x080037de                led::~led()
 .text._ZN6buzzerD2Ev
                0x080037e0        0x2 app/libapp.a(main.cpp.obj)
                0x080037e0                buzzer::~buzzer()
                0x080037e0                buzzer::~buzzer()
 .text._ZN16PumpStateMachineD2Ev
                0x080037e2        0x2 app/libapp.a(main.cpp.obj)
                0x080037e2                PumpStateMachine::~PumpStateMachine()
                0x080037e2                PumpStateMachine::~PumpStateMachine()
 .text._ZN13uart_observerD2Ev
                0x080037e4        0x2 app/libapp.a(main.cpp.obj)
                0x080037e4                uart_observer::~uart_observer()
                0x080037e4                uart_observer::~uart_observer()
 .text.gpio_pin_set.isra.0
                0x080037e6       0x20 app/libapp.a(main.cpp.obj)
 .text._ZN3ledD0Ev
                0x08003806        0xe app/libapp.a(main.cpp.obj)
                0x08003806                led::~led()
 .text._ZN6buzzerD0Ev
                0x08003814        0xe app/libapp.a(main.cpp.obj)
                0x08003814                buzzer::~buzzer()
 .text._ZN13uart_observerD0Ev
                0x08003822        0xe app/libapp.a(main.cpp.obj)
                0x08003822                uart_observer::~uart_observer()
 .text._ZN16PumpStateMachine8setstateEP9pumpState
                0x08003830        0xc app/libapp.a(pump_state_machine.cpp.obj)
                0x08003830                PumpStateMachine::setstate(pumpState*)
 .text._ZNK16PumpStateMachine9occlusionEv
                0x0800383c        0x8 app/libapp.a(pump_state_machine.cpp.obj)
                0x0800383c                PumpStateMachine::occlusion() const
 .text._ZNK16PumpStateMachine5startEv
                0x08003844        0x8 app/libapp.a(pump_state_machine.cpp.obj)
                0x08003844                PumpStateMachine::start() const
 .text._ZN16PumpStateMachine7setrateEf
                0x0800384c        0x6 app/libapp.a(pump_state_machine.cpp.obj)
                0x0800384c                PumpStateMachine::setrate(float)
 .text._ZN12AlarmManager3addEP13AlarmObserver
                0x08003852        0xc app/libapp.a(alarm_manager.cpp.obj)
                0x08003852                AlarmManager::add(AlarmObserver*)
 .text._ZN12AlarmManager6notifyEv
                0x0800385e       0x28 app/libapp.a(alarm_manager.cpp.obj)
                0x0800385e                AlarmManager::notify()
 .text._ZN13Volumetracker6updateEj
                0x08003886        0x4 app/libapp.a(volume_tracker.cpp.obj)
                0x08003886                Volumetracker::update(unsigned int)
 .text.gpio_pin_set.isra.0
                0x0800388a       0x20 app/libapp.a(gpio_zephyr.cpp.obj)
 .text.gpio_pin_set_dt.isra.0
                0x080038aa       0x28 app/libapp.a(stepper_driver_zephyr.cpp.obj)
 .text._ZN13uart_observer6updateEb
                0x080038d2        0x6 app/libapp.a(uart_zephyr.cpp.obj)
                0x080038d2                uart_observer::update(bool)
 .text._ZN9idleStateD2Ev
                0x080038d8        0x2 app/libapp.a(state_idle.cpp.obj)
                0x080038d8                idleState::~idleState()
                0x080038d8                idleState::~idleState()
 .text._ZN9idleStateD0Ev
                0x080038da        0xe app/libapp.a(state_idle.cpp.obj)
                0x080038da                idleState::~idleState()
 .text._ZN12primingStateD2Ev
                0x080038e8        0x2 app/libapp.a(state_priming.cpp.obj)
                0x080038e8                primingState::~primingState()
                0x080038e8                primingState::~primingState()
 .text._ZN12primingState5startEv
                0x080038ea        0xa app/libapp.a(state_priming.cpp.obj)
                0x080038ea                primingState::start()
 .text._ZN12primingState9occlusionEv
                0x080038f4        0xa app/libapp.a(state_priming.cpp.obj)
                0x080038f4                primingState::occlusion()
 .text._ZN12primingState8completeEv
                0x080038fe        0x8 app/libapp.a(state_priming.cpp.obj)
                0x080038fe                primingState::complete()
 .text._ZN12primingStateD0Ev
                0x08003906        0xe app/libapp.a(state_priming.cpp.obj)
                0x08003906                primingState::~primingState()
 .text._ZN13infusingStateD2Ev
                0x08003914        0x2 app/libapp.a(state_infusing.cpp.obj)
                0x08003914                infusingState::~infusingState()
                0x08003914                infusingState::~infusingState()
 .text._ZN13infusingState4stopEv
                0x08003916        0xa app/libapp.a(state_infusing.cpp.obj)
                0x08003916                infusingState::stop()
 .text._ZN13infusingState5pauseEv
                0x08003920        0xa app/libapp.a(state_infusing.cpp.obj)
                0x08003920                infusingState::pause()
 .text._ZN13infusingState9occlusionEv
                0x0800392a        0xa app/libapp.a(state_infusing.cpp.obj)
                0x0800392a                infusingState::occlusion()
 .text._ZN13infusingState8completeEv
                0x08003934        0xa app/libapp.a(state_infusing.cpp.obj)
                0x08003934                infusingState::complete()
 .text._ZN13infusingStateD0Ev
                0x0800393e        0xe app/libapp.a(state_infusing.cpp.obj)
                0x0800393e                infusingState::~infusingState()
 .text._ZN12pausingStateD2Ev
                0x0800394c        0x2 app/libapp.a(state_paused.cpp.obj)
                0x0800394c                pausingState::~pausingState()
                0x0800394c                pausingState::~pausingState()
 .text._ZN12pausingState5startEv
                0x0800394e        0xa app/libapp.a(state_paused.cpp.obj)
                0x0800394e                pausingState::start()
 .text._ZN12pausingState4stopEv
                0x08003958        0xa app/libapp.a(state_paused.cpp.obj)
                0x08003958                pausingState::stop()
 .text._ZN12pausingStateD0Ev
                0x08003962        0xe app/libapp.a(state_paused.cpp.obj)
                0x08003962                pausingState::~pausingState()
 .text._ZN14occlusionStateD2Ev
                0x08003970        0x2 app/libapp.a(state_occlusion_alarm.cpp.obj)
                0x08003970                occlusionState::~occlusionState()
                0x08003970                occlusionState::~occlusionState()
 .text._ZN14occlusionState4stopEv
                0x08003972        0xa app/libapp.a(state_occlusion_alarm.cpp.obj)
                0x08003972                occlusionState::stop()
 .text._ZN14occlusionStateD0Ev
                0x0800397c        0xe app/libapp.a(state_occlusion_alarm.cpp.obj)
                0x0800397c                occlusionState::~occlusionState()
 .text._ZN13completeStateD2Ev
                0x0800398a        0x2 app/libapp.a(state_complete.cpp.obj)
                0x0800398a                completeState::~completeState()
                0x0800398a                completeState::~completeState()
 .text._ZN13completeState5startEv
                0x0800398c        0xa app/libapp.a(state_complete.cpp.obj)
                0x0800398c                completeState::start()
 .text._ZN13completeStateD0Ev
                0x08003996        0xe app/libapp.a(state_complete.cpp.obj)
                0x08003996                completeState::~completeState()
 .text.__cxa_atexit
                0x080039a4        0x4 zephyr/libzephyr.a(cpp_dtors.c.obj)
                0x080039a4                __cxa_atexit
 .text.chunk_size
                0x080039a8        0xa zephyr/libzephyr.a(heap.c.obj)
 .text.free_list_add
                0x080039b2       0x4e zephyr/libzephyr.a(heap.c.obj)
 .text.free_list_remove_bidx
                0x08003a00       0x3a zephyr/libzephyr.a(heap.c.obj)
 .text.free_list_remove
                0x08003a3a       0x1a zephyr/libzephyr.a(heap.c.obj)
 .text.merge_chunks
                0x08003a54       0x2e zephyr/libzephyr.a(heap.c.obj)
 .text.sys_heap_free
                0x08003a82       0xac zephyr/libzephyr.a(heap.c.obj)
                0x08003a82                sys_heap_free
 .text.sys_heap_init
                0x08003b2e       0x82 zephyr/libzephyr.a(heap.c.obj)
                0x08003b2e                sys_heap_init
 .text.arch_printk_char_out
                0x08003bb0        0x4 zephyr/libzephyr.a(printk.c.obj)
                0x08003bb0                arch_printk_char_out
 .text.printk   0x08003bb4       0x1a zephyr/libzephyr.a(printk.c.obj)
                0x08003bb4                printk
 .text._ConfigAbsSyms
                0x08003bce        0x2 zephyr/libzephyr.a(configs.c.obj)
                0x08003bce                _ConfigAbsSyms
 .text.stm32_gpioport_configure_pin
                0x08003bd0      0x128 zephyr/libzephyr.a(gpioport_mgr.c.obj)
                0x08003bd0                stm32_gpioport_configure_pin
 .text.arch_early_memset
                0x08003cf8        0x4 zephyr/arch/common/libarch__common.a(init.c.obj)
                0x08003cf8                arch_early_memset
 .text.arch_early_memcpy
                0x08003cfc        0x4 zephyr/arch/common/libarch__common.a(init.c.obj)
                0x08003cfc                arch_early_memcpy
 .text.z_do_kernel_oops
                0x08003d00        0x8 zephyr/arch/arch/arm/core/libarch__arm__core.a(fatal.c.obj)
                0x08003d00                z_do_kernel_oops
 .text.z_arm_nmi
                0x08003d08        0xe zephyr/arch/arch/arm/core/libarch__arm__core.a(nmi.c.obj)
                0x08003d08                z_arm_nmi
 .text.__aeabi_atexit
                0x08003d16        0xa zephyr/arch/arch/arm/core/libarch__arm__core.a(__aeabi_atexit.c.obj)
                0x08003d16                __aeabi_atexit
 .text.z_irq_spurious
                0x08003d20        0x8 zephyr/arch/arch/arm/core/cortex_m/libarch__arm__core__cortex_m.a(irq_manage.c.obj)
                0x08003d20                z_irq_spurious
 .text.arch_coprocessors_disable
                0x08003d28        0x6 zephyr/arch/arch/arm/core/cortex_m/libarch__arm__core__cortex_m.a(thread.c.obj)
                0x08003d28                arch_coprocessors_disable
 .text.arch_irq_unlock_outlined
                0x08003d2e        0xe zephyr/arch/arch/arm/core/cortex_m/libarch__arm__core__cortex_m.a(thread.c.obj)
                0x08003d2e                arch_irq_unlock_outlined
 .text.arch_cpu_idle
                0x08003d3c       0x1a zephyr/arch/arch/arm/core/cortex_m/libarch__arm__core__cortex_m.a(cpu_idle.c.obj)
                0x08003d3c                arch_cpu_idle
 .text.size_to_mpu_rasr_size
                0x08003d56       0x20 zephyr/arch/arch/arm/core/mpu/libarch__arm__core__mpu.a(arm_mpu.c.obj)
 .text.picolibc_put
                0x08003d76        0xa zephyr/lib/libc/picolibc/liblib__libc__picolibc.a(stdio.c.obj)
 .text.stm32_exti_gpio_intc_init
                0x08003d80       0x92 zephyr/drivers/interrupt_controller/libdrivers__interrupt_controller.a(intc_gpio_stm32.c.obj)
 .text.stm32_clock_control_on
                0x08003e12       0x44 zephyr/drivers/clock_control/libdrivers__clock_control.a(clock_stm32_ll_common.c.obj)
 .text.stm32_clock_control_off
                0x08003e56       0x2c zephyr/drivers/clock_control/libdrivers__clock_control.a(clock_stm32_ll_common.c.obj)
 .text.enabled_clock
                0x08003e82       0x1e zephyr/drivers/clock_control/libdrivers__clock_control.a(clock_stm32_ll_common.c.obj)
                0x08003e82                enabled_clock
 .text.stm32_clock_control_configure
                0x08003ea0       0x46 zephyr/drivers/clock_control/libdrivers__clock_control.a(clock_stm32_ll_common.c.obj)
 .text.stm32_clock_control_get_status
                0x08003ee6       0x38 zephyr/drivers/clock_control/libdrivers__clock_control.a(clock_stm32_ll_common.c.obj)
 .text.config_regulator_voltage
                0x08003f1e        0x2 zephyr/drivers/clock_control/libdrivers__clock_control.a(clock_stm32_ll_common.c.obj)
                0x08003f1e                config_regulator_voltage
 .text.pinctrl_lookup_state
                0x08003f20       0x26 zephyr/drivers/pinctrl/libdrivers__pinctrl.a(common.c.obj)
                0x08003f20                pinctrl_lookup_state
 .text.pinctrl_configure_pins
                0x08003f46       0x38 zephyr/drivers/pinctrl/libdrivers__pinctrl.a(pinctrl_stm32.c.obj)
                0x08003f46                pinctrl_configure_pins
 .text.reset_stm32_status
                0x08003f7e       0x20 zephyr/drivers/reset/libdrivers__reset.a(reset_stm32.c.obj)
 .text.reset_stm32_line_assert
                0x08003f9e       0x1c zephyr/drivers/reset/libdrivers__reset.a(reset_stm32.c.obj)
 .text.reset_stm32_line_deassert
                0x08003fba       0x1e zephyr/drivers/reset/libdrivers__reset.a(reset_stm32.c.obj)
 .text.reset_stm32_line_toggle
                0x08003fd8       0x16 zephyr/drivers/reset/libdrivers__reset.a(reset_stm32.c.obj)
 .text.uart_stm32_ll2cfg_databits
                0x08003fee       0x2a zephyr/drivers/serial/libdrivers__serial.a(uart_stm32.c.obj)
 .text.uart_stm32_err_check
                0x08004018       0x5a zephyr/drivers/serial/libdrivers__serial.a(uart_stm32.c.obj)
 .text.uart_stm32_poll_out
                0x08004072       0x36 zephyr/drivers/serial/libdrivers__serial.a(uart_stm32.c.obj)
 .text.uart_stm32_poll_in
                0x080040a8       0x20 zephyr/drivers/serial/libdrivers__serial.a(uart_stm32.c.obj)
 .text.uart_stm32_config_get
                0x080040c8       0x92 zephyr/drivers/serial/libdrivers__serial.a(uart_stm32.c.obj)
 .text.uart_stm32_parameters_set
                0x0800415a      0x144 zephyr/drivers/serial/libdrivers__serial.a(uart_stm32.c.obj)
 .text.sys_clock_lock
                0x0800429e       0x10 zephyr/drivers/timer/libdrivers__timer.a(cortex_m_systick.c.obj)
 .text.do_device_init
                0x080042ae       0x30 zephyr/kernel/libkernel.a(device.c.obj)
                0x080042ae                do_device_init
 .text.z_impl_device_is_ready
                0x080042de       0x16 zephyr/kernel/libkernel.a(device.c.obj)
                0x080042de                z_impl_device_is_ready
 .text.arch_system_halt
                0x080042f4       0x10 zephyr/kernel/libkernel.a(fatal.c.obj)
                0x080042f4                arch_system_halt
 .text.k_sys_fatal_error_handler
                0x08004304        0x6 zephyr/kernel/libkernel.a(fatal.c.obj)
                0x08004304                k_sys_fatal_error_handler
 .text.idle     0x0800430a       0x16 zephyr/kernel/libkernel.a(idle.c.obj)
                0x0800430a                idle
 .text.adjust_owner_prio.isra.0
                0x08004320       0x10 zephyr/kernel/libkernel.a(mutex.c.obj)
 .text.z_thread_abort
                0x08004330       0x3e zephyr/kernel/libkernel.a(thread.c.obj)
                0x08004330                z_thread_abort
 .text.z_impl_k_yield
                0x0800436e        0x4 zephyr/kernel/libkernel.a(thread.c.obj)
                0x0800436e                z_impl_k_yield
 .text.sys_dlist_remove
                0x08004372       0x10 zephyr/kernel/libkernel.a(sched.c.obj)
 .text.unpend_thread_no_timeout
                0x08004382       0x14 zephyr/kernel/libkernel.a(sched.c.obj)
 .text.add_to_waitq_locked
                0x08004396       0x4c zephyr/kernel/libkernel.a(sched.c.obj)
 .text.z_ready_thread
                0x080043e2       0x1e zephyr/kernel/libkernel.a(sched.c.obj)
                0x080043e2                z_ready_thread
 .text.z_sched_ready_locked
                0x08004400        0x4 zephyr/kernel/libkernel.a(sched.c.obj)
                0x08004400                z_sched_ready_locked
 .text.z_sched_unready_locked
                0x08004404        0x4 zephyr/kernel/libkernel.a(sched.c.obj)
                0x08004404                z_sched_unready_locked
 .text.z_sched_wake_thread_locked
                0x08004408       0x28 zephyr/kernel/libkernel.a(sched.c.obj)
                0x08004408                z_sched_wake_thread_locked
 .text.z_thread_timeout
                0x08004430       0x30 zephyr/kernel/libkernel.a(sched.c.obj)
                0x08004430                z_thread_timeout
 .text.z_reschedule
                0x08004460        0x6 zephyr/kernel/libkernel.a(sched.c.obj)
                0x08004460                z_reschedule
 .text.z_impl_k_sleep
                0x08004466       0x32 zephyr/kernel/libkernel.a(sleep.c.obj)
                0x08004466                z_impl_k_sleep
 .text.next_timeout
                0x08004498       0x2e zephyr/kernel/libkernel.a(timeout.c.obj)
 .text.sys_clock_tick_get_32
                0x080044c6        0x8 zephyr/kernel/libkernel.a(timeout.c.obj)
                0x080044c6                sys_clock_tick_get_32
 .text._ZdlPvj  0x080044ce        0x4 /home/thanga-inc-5829/zephyr-sdk-1.0.1/gnu/arm-zephyr-eabi/bin/../lib/gcc/arm-zephyr-eabi/14.3.0/../../../../arm-zephyr-eabi/lib/thumb/v7e-m/nofp/space/libstdc++.a(del_ops.o)
                0x080044ce                operator delete(void*, unsigned int)
 .text._ZdlPv   0x080044d2        0x4 /home/thanga-inc-5829/zephyr-sdk-1.0.1/gnu/arm-zephyr-eabi/bin/../lib/gcc/arm-zephyr-eabi/14.3.0/../../../../arm-zephyr-eabi/lib/thumb/v7e-m/nofp/space/libstdc++.a(del_op.o)
                0x080044d2                operator delete(void*)
 .text.memcpy   0x080044d6       0x1c /home/thanga-inc-5829/zephyr-sdk-1.0.1/gnu/arm-zephyr-eabi/bin/../lib/gcc/arm-zephyr-eabi/14.3.0/../../../../arm-zephyr-eabi/lib/thumb/v7e-m/nofp/space/libc.a(memcpy.c.o)
                0x080044d6                memcpy
                0x080044d6                __aeabi_memcpy
                0x080044d6                __aeabi_memcpy4
                0x080044d6                __aeabi_memcpy8
 .text.memset   0x080044f2       0x10 /home/thanga-inc-5829/zephyr-sdk-1.0.1/gnu/arm-zephyr-eabi/bin/../lib/gcc/arm-zephyr-eabi/14.3.0/../../../../arm-zephyr-eabi/lib/thumb/v7e-m/nofp/space/libc.a(memset.c.o)
                0x080044f2                memset
 .text.strnlen  0x08004502       0x18 /home/thanga-inc-5829/zephyr-sdk-1.0.1/gnu/arm-zephyr-eabi/bin/../lib/gcc/arm-zephyr-eabi/14.3.0/../../../../arm-zephyr-eabi/lib/thumb/v7e-m/nofp/space/libc.a(libc_string_strnlen.c.o)
                0x08004502                strnlen
 .text.__ultoa_invert
                0x0800451a       0xae /home/thanga-inc-5829/zephyr-sdk-1.0.1/gnu/arm-zephyr-eabi/bin/../lib/gcc/arm-zephyr-eabi/14.3.0/../../../../arm-zephyr-eabi/lib/thumb/v7e-m/nofp/space/libc.a(libc_tinystdio_vflprintf.c.o)
 *(SORT_BY_ALIGNMENT(.gnu.linkonce.t.*))
 *(SORT_BY_ALIGNMENT(.glue_7t))
 .glue_7t       0x080045c8        0x0 linker stubs
 *(SORT_BY_ALIGNMENT(.glue_7))
 .glue_7        0x080045c8        0x0 linker stubs
 *(SORT_BY_ALIGNMENT(.vfp11_veneer))
 .vfp11_veneer  0x080045c8        0x0 linker stubs
 *(SORT_BY_ALIGNMENT(.v4_bx))
 .v4_bx         0x080045c8        0x0 linker stubs
                0x080045c8                        . = ALIGN (0x4)
                0x080045c8                        __text_region_end = .

.ARM.extab
 *(SORT_BY_ALIGNMENT(.ARM.extab*) SORT_BY_ALIGNMENT(.gnu.linkonce.armextab.*))

.ARM.exidx      0x080045c8        0x8
                0x080045c8                        __exidx_start = .
 *(SORT_BY_ALIGNMENT(.ARM.exidx*) SORT_BY_ALIGNMENT(gnu.linkonce.armexidx.*))
 .ARM.exidx     0x080045c8        0x8 /home/thanga-inc-5829/zephyr-sdk-1.0.1/gnu/arm-zephyr-eabi/bin/../lib/gcc/arm-zephyr-eabi/14.3.0/thumb/v7e-m/nofp/space/libgcc.a(_udivmoddi4.o)
                0x080045d0                        __exidx_end = .
                0x080045d0                        __rodata_region_start = .

initlevel       0x080045d0       0x90
                0x080045d0                        __init_start = .
                0x080045d0                        __init_EARLY_start = .
 *(SORT_BY_NAME(SORT_BY_ALIGNMENT(.z_init_EARLY_P_?_*)))
 *(SORT_BY_NAME(SORT_BY_ALIGNMENT(.z_init_EARLY_P_??_*)))
 *(SORT_BY_NAME(SORT_BY_ALIGNMENT(.z_init_EARLY_P_???_*)))
                0x080045d0                        __init_PRE_KERNEL_1_start = .
 *(SORT_BY_NAME(SORT_BY_ALIGNMENT(.z_init_PRE_KERNEL_1_P_?_*)))
 .z_init_PRE_KERNEL_1_P_1_SUB_00009_
                0x080045d0        0x8 zephyr/drivers/clock_control/libdrivers__clock_control.a(clock_stm32_ll_common.c.obj)
 .z_init_PRE_KERNEL_1_P_1_SUB_0_
                0x080045d8        0x8 zephyr/libzephyr.a(soc_config.c.obj)
 *(SORT_BY_NAME(SORT_BY_ALIGNMENT(.z_init_PRE_KERNEL_1_P_??_*)))
 .z_init_PRE_KERNEL_1_P_35_SUB_00059_
                0x080045e0        0x8 zephyr/drivers/reset/libdrivers__reset.a(reset_stm32.c.obj)
 .z_init_PRE_KERNEL_1_P_40_SUB_00043_
                0x080045e8        0x8 zephyr/libzephyr.a(gpioport_mgr.c.obj)
 .z_init_PRE_KERNEL_1_P_40_SUB_00046_
                0x080045f0        0x8 zephyr/libzephyr.a(gpioport_mgr.c.obj)
 .z_init_PRE_KERNEL_1_P_40_SUB_00052_
                0x080045f8        0x8 zephyr/libzephyr.a(gpioport_mgr.c.obj)
 .z_init_PRE_KERNEL_1_P_40_SUB_00084_
                0x08004600        0x8 zephyr/drivers/interrupt_controller/libdrivers__interrupt_controller.a(intc_exti_stm32.c.obj)
 .z_init_PRE_KERNEL_1_P_40_SUB_00135_
                0x08004608        0x8 zephyr/libzephyr.a(gpioport_mgr.c.obj)
 .z_init_PRE_KERNEL_1_P_40_SUB_00136_
                0x08004610        0x8 zephyr/libzephyr.a(gpioport_mgr.c.obj)
 .z_init_PRE_KERNEL_1_P_40_SUB_00137_
                0x08004618        0x8 zephyr/libzephyr.a(gpioport_mgr.c.obj)
 .z_init_PRE_KERNEL_1_P_40_SUB_00138_
                0x08004620        0x8 zephyr/libzephyr.a(gpioport_mgr.c.obj)
 .z_init_PRE_KERNEL_1_P_40_SUB_0_
                0x08004628        0x8 zephyr/drivers/interrupt_controller/libdrivers__interrupt_controller.a(intc_gpio_stm32.c.obj)
 .z_init_PRE_KERNEL_1_P_50_SUB_00101_
                0x08004630        0x8 zephyr/drivers/serial/libdrivers__serial.a(uart_stm32.c.obj)
 .z_init_PRE_KERNEL_1_P_50_SUB_00104_
                0x08004638        0x8 zephyr/drivers/serial/libdrivers__serial.a(uart_stm32.c.obj)
 .z_init_PRE_KERNEL_1_P_60_SUB_0_
                0x08004640        0x8 zephyr/drivers/console/libdrivers__console.a(uart_console.c.obj)
 *(SORT_BY_NAME(SORT_BY_ALIGNMENT(.z_init_PRE_KERNEL_1_P_???_*)))
                0x08004648                        __init_PRE_KERNEL_2_start = .
 *(SORT_BY_NAME(SORT_BY_ALIGNMENT(.z_init_PRE_KERNEL_2_P_?_*)))
 .z_init_PRE_KERNEL_2_P_0_SUB_0_
                0x08004648        0x8 zephyr/drivers/timer/libdrivers__timer.a(cortex_m_systick.c.obj)
 *(SORT_BY_NAME(SORT_BY_ALIGNMENT(.z_init_PRE_KERNEL_2_P_??_*)))
 *(SORT_BY_NAME(SORT_BY_ALIGNMENT(.z_init_PRE_KERNEL_2_P_???_*)))
                0x08004650                        __init_POST_KERNEL_start = .
 *(SORT_BY_NAME(SORT_BY_ALIGNMENT(.z_init_POST_KERNEL_P_?_*)))
 *(SORT_BY_NAME(SORT_BY_ALIGNMENT(.z_init_POST_KERNEL_P_??_*)))
 .z_init_POST_KERNEL_P_35_SUB_0_
                0x08004650        0x8 zephyr/lib/libc/common/liblib__libc__common.a(malloc.c.obj)
 *(SORT_BY_NAME(SORT_BY_ALIGNMENT(.z_init_POST_KERNEL_P_???_*)))
                0x08004658                        __init_APPLICATION_start = .
 *(SORT_BY_NAME(SORT_BY_ALIGNMENT(.z_init_APPLICATION_P_?_*)))
 .z_init_APPLICATION_P_0_SUB_0_
                0x08004658        0x8 zephyr/libzephyr.a(boot_banner.c.obj)
 *(SORT_BY_NAME(SORT_BY_ALIGNMENT(.z_init_APPLICATION_P_??_*)))
 *(SORT_BY_NAME(SORT_BY_ALIGNMENT(.z_init_APPLICATION_P_???_*)))
                0x08004660                        __init_SMP_start = .
 *(SORT_BY_NAME(SORT_BY_ALIGNMENT(.z_init_SMP_P_?_*)))
 *(SORT_BY_NAME(SORT_BY_ALIGNMENT(.z_init_SMP_P_??_*)))
 *(SORT_BY_NAME(SORT_BY_ALIGNMENT(.z_init_SMP_P_???_*)))
                0x08004660                        __init_end = .

device_area     0x08004660      0x150
                0x08004660                        _device_list_start = .
 *(SORT_BY_NAME(SORT_BY_ALIGNMENT(._device.static.*_?_*)))
 ._device.static.1_1_
                0x08004660       0x1c zephyr/drivers/clock_control/libdrivers__clock_control.a(clock_stm32_ll_common.c.obj)
                0x08004660                __device_dts_ord_9
 *(SORT_BY_NAME(SORT_BY_ALIGNMENT(._device.static.*_??_*)))
 ._device.static.1_35_
                0x0800467c       0x1c zephyr/drivers/reset/libdrivers__reset.a(reset_stm32.c.obj)
                0x0800467c                __device_dts_ord_59
 ._device.static.1_40_
                0x08004698       0xc4 zephyr/libzephyr.a(gpioport_mgr.c.obj)
                0x08004698                __device_dts_ord_138
                0x080046b4                __device_dts_ord_137
                0x080046d0                __device_dts_ord_136
                0x080046ec                __device_dts_ord_135
                0x08004708                __device_dts_ord_43
                0x08004724                __device_dts_ord_52
                0x08004740                __device_dts_ord_46
 ._device.static.1_40_
                0x0800475c       0x1c zephyr/drivers/interrupt_controller/libdrivers__interrupt_controller.a(intc_exti_stm32.c.obj)
                0x0800475c                __device_dts_ord_84
 ._device.static.1_50_
                0x08004778       0x38 zephyr/drivers/serial/libdrivers__serial.a(uart_stm32.c.obj)
                0x08004778                __device_dts_ord_101
                0x08004794                __device_dts_ord_104
 *(SORT_BY_NAME(SORT_BY_ALIGNMENT(._device.static.*_???_*)))
 *(SORT_BY_NAME(SORT_BY_ALIGNMENT(._device.static.*_????_*)))
 *(SORT_BY_NAME(SORT_BY_ALIGNMENT(._device.static.*_?????_*)))
                0x080047b0                        _device_list_end = .

sw_isr_table    0x080047b0      0x2e0
                0x080047b0                        . = ALIGN (0x4)
 *(SORT_BY_ALIGNMENT(.gnu.linkonce.sw_isr_table*))
 .gnu.linkonce.sw_isr_table
                0x080047b0      0x2e0 zephyr/CMakeFiles/zephyr_final.dir/isr_tables.c.obj
                0x080047b0                _sw_isr_table

initlevel_error
 *(SORT_BY_NAME(SORT_BY_ALIGNMENT(.z_init_*)))
                0x00000001                        ASSERT ((SIZEOF (initlevel_error) == 0x0), Undefined initialization levels used.)

app_shmem_regions
                0x08004a90        0x0
                0x08004a90                        __app_shmem_regions_start = .
 *(SORT_BY_NAME(SORT_BY_ALIGNMENT(.app_regions.*)))
                0x08004a90                        __app_shmem_regions_end = .

k_p4wq_initparam_area
                0x08004a90        0x0
                0x08004a90                        _k_p4wq_initparam_list_start = .
 *(SORT_BY_NAME(SORT_BY_ALIGNMENT(._k_p4wq_initparam.static.*)))
                0x08004a90                        _k_p4wq_initparam_list_end = .

_static_thread_data_area
                0x08004a90        0x0
                0x08004a90                        __static_thread_data_list_start = .
 *(SORT_BY_NAME(SORT_BY_ALIGNMENT(.__static_thread_data.static.*)))
                0x08004a90                        __static_thread_data_list_end = .

device_deps     0x08004a90        0x0
                0x08004a90                        __device_deps_start = .
 *(SORT_BY_NAME(SORT_BY_ALIGNMENT(.__device_deps_pass2*)))
                0x08004a90                        __device_deps_end = .

device_api_area
                0x08004a90       0x40
                0x08004a90                        _reset_driver_api_list_start = .
 *(SORT_BY_NAME(SORT_BY_ALIGNMENT(._reset_driver_api.static.*)))
 ._reset_driver_api.static.reset_stm32_driver_api_
                0x08004a90       0x10 zephyr/drivers/reset/libdrivers__reset.a(reset_stm32.c.obj)
                0x08004aa0                        _reset_driver_api_list_end = .
                0x08004aa0                        _reset_driver_api_ext_end = .
                0x08004aa0                        _shared_irq_driver_api_list_start = .
 *(SORT_BY_NAME(SORT_BY_ALIGNMENT(._shared_irq_driver_api.static.*)))
                0x08004aa0                        _shared_irq_driver_api_list_end = .
                0x08004aa0                        _shared_irq_driver_api_ext_end = .
                0x08004aa0                        _dmic_driver_api_list_start = .
 *(SORT_BY_NAME(SORT_BY_ALIGNMENT(._dmic_driver_api.static.*)))
                0x08004aa0                        _dmic_driver_api_list_end = .
                0x08004aa0                        _dmic_driver_api_ext_end = .
                0x08004aa0                        _crypto_driver_api_list_start = .
 *(SORT_BY_NAME(SORT_BY_ALIGNMENT(._crypto_driver_api.static.*)))
                0x08004aa0                        _crypto_driver_api_list_end = .
                0x08004aa0                        _crypto_driver_api_ext_end = .
                0x08004aa0                        _adc_driver_api_list_start = .
 *(SORT_BY_NAME(SORT_BY_ALIGNMENT(._adc_driver_api.static.*)))
                0x08004aa0                        _adc_driver_api_list_end = .
                0x08004aa0                        _adc_driver_api_ext_end = .
                0x08004aa0                        _auxdisplay_driver_api_list_start = .
 *(SORT_BY_NAME(SORT_BY_ALIGNMENT(._auxdisplay_driver_api.static.*)))
                0x08004aa0                        _auxdisplay_driver_api_list_end = .
                0x08004aa0                        _auxdisplay_driver_api_ext_end = .
                0x08004aa0                        _bbram_driver_api_list_start = .
 *(SORT_BY_NAME(SORT_BY_ALIGNMENT(._bbram_driver_api.static.*)))
                0x08004aa0                        _bbram_driver_api_list_end = .
                0x08004aa0                        _bbram_driver_api_ext_end = .
                0x08004aa0                        _biometric_driver_api_list_start = .
 *(SORT_BY_NAME(SORT_BY_ALIGNMENT(._biometric_driver_api.static.*)))
                0x08004aa0                        _biometric_driver_api_list_end = .
                0x08004aa0                        _biometric_driver_api_ext_end = .
                0x08004aa0                        _bt_hci_driver_api_list_start = .
 *(SORT_BY_NAME(SORT_BY_ALIGNMENT(._bt_hci_driver_api.static.*)))
                0x08004aa0                        _bt_hci_driver_api_list_end = .
                0x08004aa0                        _bt_hci_driver_api_ext_end = .
                0x08004aa0                        _buzzer_driver_api_list_start = .
 *(SORT_BY_NAME(SORT_BY_ALIGNMENT(._buzzer_driver_api.static.*)))
                0x08004aa0                        _buzzer_driver_api_list_end = .
                0x08004aa0                        _buzzer_driver_api_ext_end = .
                0x08004aa0                        _can_driver_api_list_start = .
 *(SORT_BY_NAME(SORT_BY_ALIGNMENT(._can_driver_api.static.*)))
                0x08004aa0                        _can_driver_api_list_end = .
                0x08004aa0                        _can_driver_api_ext_end = .
                0x08004aa0                        _cellular_driver_api_list_start = .
 *(SORT_BY_NAME(SORT_BY_ALIGNMENT(._cellular_driver_api.static.*)))
                0x08004aa0                        _cellular_driver_api_list_end = .
                0x08004aa0                        _cellular_driver_api_ext_end = .
                0x08004aa0                        _charger_driver_api_list_start = .
 *(SORT_BY_NAME(SORT_BY_ALIGNMENT(._charger_driver_api.static.*)))
                0x08004aa0                        _charger_driver_api_list_end = .
                0x08004aa0                        _charger_driver_api_ext_end = .
                0x08004aa0                        _clock_control_driver_api_list_start = .
 *(SORT_BY_NAME(SORT_BY_ALIGNMENT(._clock_control_driver_api.static.*)))
 ._clock_control_driver_api.static.stm32_clock_control_api_
                0x08004aa0       0x1c zephyr/drivers/clock_control/libdrivers__clock_control.a(clock_stm32_ll_common.c.obj)
                0x08004abc                        _clock_control_driver_api_list_end = .
                0x08004abc                        _nrf_clock_control_driver_api_list_start = .
 *(SORT_BY_NAME(SORT_BY_ALIGNMENT(._nrf_clock_control_driver_api.static.*)))
                0x08004abc                        _nrf_clock_control_driver_api_list_end = .
                0x08004abc                        _nrf_clock_control_driver_api_ext_end = .
                0x08004abc                        _clock_control_driver_api_ext_end = .
                0x08004abc                        _comparator_driver_api_list_start = .
 *(SORT_BY_NAME(SORT_BY_ALIGNMENT(._comparator_driver_api.static.*)))
                0x08004abc                        _comparator_driver_api_list_end = .
                0x08004abc                        _comparator_driver_api_ext_end = .
                0x08004abc                        _coredump_driver_api_list_start = .
 *(SORT_BY_NAME(SORT_BY_ALIGNMENT(._coredump_driver_api.static.*)))
                0x08004abc                        _coredump_driver_api_list_end = .
                0x08004abc                        _coredump_driver_api_ext_end = .
                0x08004abc                        _counter_driver_api_list_start = .
 *(SORT_BY_NAME(SORT_BY_ALIGNMENT(._counter_driver_api.static.*)))
                0x08004abc                        _counter_driver_api_list_end = .
                0x08004abc                        _counter_driver_api_ext_end = .
                0x08004abc                        _crc_driver_api_list_start = .
 *(SORT_BY_NAME(SORT_BY_ALIGNMENT(._crc_driver_api.static.*)))
                0x08004abc                        _crc_driver_api_list_end = .
                0x08004abc                        _crc_driver_api_ext_end = .
                0x08004abc                        _dac_driver_api_list_start = .
 *(SORT_BY_NAME(SORT_BY_ALIGNMENT(._dac_driver_api.static.*)))
                0x08004abc                        _dac_driver_api_list_end = .
                0x08004abc                        _dac_driver_api_ext_end = .
                0x08004abc                        _dai_driver_api_list_start = .
 *(SORT_BY_NAME(SORT_BY_ALIGNMENT(._dai_driver_api.static.*)))
                0x08004abc                        _dai_driver_api_list_end = .
                0x08004abc                        _dai_driver_api_ext_end = .
                0x08004abc                        _dali_driver_api_list_start = .
 *(SORT_BY_NAME(SORT_BY_ALIGNMENT(._dali_driver_api.static.*)))
                0x08004abc                        _dali_driver_api_list_end = .
                0x08004abc                        _dali_driver_api_ext_end = .
                0x08004abc                        _display_driver_api_list_start = .
 *(SORT_BY_NAME(SORT_BY_ALIGNMENT(._display_driver_api.static.*)))
                0x08004abc                        _display_driver_api_list_end = .
                0x08004abc                        _display_driver_api_ext_end = .
                0x08004abc                        _dma_driver_api_list_start = .
 *(SORT_BY_NAME(SORT_BY_ALIGNMENT(._dma_driver_api.static.*)))
                0x08004abc                        _dma_driver_api_list_end = .
                0x08004abc                        _dma_driver_api_ext_end = .
                0x08004abc                        _edac_driver_api_list_start = .
 *(SORT_BY_NAME(SORT_BY_ALIGNMENT(._edac_driver_api.static.*)))
                0x08004abc                        _edac_driver_api_list_end = .
                0x08004abc                        _edac_driver_api_ext_end = .
                0x08004abc                        _eeprom_driver_api_list_start = .
 *(SORT_BY_NAME(SORT_BY_ALIGNMENT(._eeprom_driver_api.static.*)))
                0x08004abc                        _eeprom_driver_api_list_end = .
                0x08004abc                        _eeprom_driver_api_ext_end = .
                0x08004abc                        _emul_bbram_driver_api_list_start = .
 *(SORT_BY_NAME(SORT_BY_ALIGNMENT(._emul_bbram_driver_api.static.*)))
                0x08004abc                        _emul_bbram_driver_api_list_end = .
                0x08004abc                        _emul_bbram_driver_api_ext_end = .
                0x08004abc                        _fuel_gauge_emul_driver_api_list_start = .
 *(SORT_BY_NAME(SORT_BY_ALIGNMENT(._fuel_gauge_emul_driver_api.static.*)))
                0x08004abc                        _fuel_gauge_emul_driver_api_list_end = .
                0x08004abc                        _fuel_gauge_emul_driver_api_ext_end = .
                0x08004abc                        _emul_sensor_driver_api_list_start = .
 *(SORT_BY_NAME(SORT_BY_ALIGNMENT(._emul_sensor_driver_api.static.*)))
                0x08004abc                        _emul_sensor_driver_api_list_end = .
                0x08004abc                        _emul_sensor_driver_api_ext_end = .
                0x08004abc                        _entropy_driver_api_list_start = .
 *(SORT_BY_NAME(SORT_BY_ALIGNMENT(._entropy_driver_api.static.*)))
                0x08004abc                        _entropy_driver_api_list_end = .
                0x08004abc                        _entropy_driver_api_ext_end = .
                0x08004abc                        _espi_driver_api_list_start = .
 *(SORT_BY_NAME(SORT_BY_ALIGNMENT(._espi_driver_api.static.*)))
                0x08004abc                        _espi_driver_api_list_end = .
                0x08004abc                        _emul_espi_driver_api_list_start = .
 *(SORT_BY_NAME(SORT_BY_ALIGNMENT(._emul_espi_driver_api.static.*)))
                0x08004abc                        _emul_espi_driver_api_list_end = .
                0x08004abc                        _emul_espi_driver_api_ext_end = .
                0x08004abc                        _espi_driver_api_ext_end = .
                0x08004abc                        _espi_saf_driver_api_list_start = .
 *(SORT_BY_NAME(SORT_BY_ALIGNMENT(._espi_saf_driver_api.static.*)))
                0x08004abc                        _espi_saf_driver_api_list_end = .
                0x08004abc                        _espi_saf_driver_api_ext_end = .
                0x08004abc                        _flash_driver_api_list_start = .
 *(SORT_BY_NAME(SORT_BY_ALIGNMENT(._flash_driver_api.static.*)))
                0x08004abc                        _flash_driver_api_list_end = .
                0x08004abc                        _flash_driver_api_ext_end = .
                0x08004abc                        _fpga_driver_api_list_start = .
 *(SORT_BY_NAME(SORT_BY_ALIGNMENT(._fpga_driver_api.static.*)))
                0x08004abc                        _fpga_driver_api_list_end = .
                0x08004abc                        _fpga_driver_api_ext_end = .
                0x08004abc                        _fuel_gauge_driver_api_list_start = .
 *(SORT_BY_NAME(SORT_BY_ALIGNMENT(._fuel_gauge_driver_api.static.*)))
                0x08004abc                        _fuel_gauge_driver_api_list_end = .
                0x08004abc                        _fuel_gauge_driver_api_ext_end = .
                0x08004abc                        _gnss_driver_api_list_start = .
 *(SORT_BY_NAME(SORT_BY_ALIGNMENT(._gnss_driver_api.static.*)))
                0x08004abc                        _gnss_driver_api_list_end = .
                0x08004abc                        _gnss_driver_api_ext_end = .
                0x08004abc                        _gpio_driver_api_list_start = .
 *(SORT_BY_NAME(SORT_BY_ALIGNMENT(._gpio_driver_api.static.*)))
                0x08004abc                        _gpio_driver_api_list_end = .
                0x08004abc                        _gpio_driver_api_ext_end = .
                0x08004abc                        _haptics_driver_api_list_start = .
 *(SORT_BY_NAME(SORT_BY_ALIGNMENT(._haptics_driver_api.static.*)))
                0x08004abc                        _haptics_driver_api_list_end = .
                0x08004abc                        _haptics_driver_api_ext_end = .
                0x08004abc                        _hwspinlock_driver_api_list_start = .
 *(SORT_BY_NAME(SORT_BY_ALIGNMENT(._hwspinlock_driver_api.static.*)))
                0x08004abc                        _hwspinlock_driver_api_list_end = .
                0x08004abc                        _hwspinlock_driver_api_ext_end = .
                0x08004abc                        _i2c_driver_api_list_start = .
 *(SORT_BY_NAME(SORT_BY_ALIGNMENT(._i2c_driver_api.static.*)))
                0x08004abc                        _i2c_driver_api_list_end = .
                0x08004abc                        _i3c_driver_api_list_start = .
 *(SORT_BY_NAME(SORT_BY_ALIGNMENT(._i3c_driver_api.static.*)))
                0x08004abc                        _i3c_driver_api_list_end = .
                0x08004abc                        _i3c_driver_api_ext_end = .
                0x08004abc                        _i2c_driver_api_ext_end = .
                0x08004abc                        _i2c_target_driver_api_list_start = .
 *(SORT_BY_NAME(SORT_BY_ALIGNMENT(._i2c_target_driver_api.static.*)))
                0x08004abc                        _i2c_target_driver_api_list_end = .
                0x08004abc                        _i2c_target_driver_api_ext_end = .
                0x08004abc                        _i2s_driver_api_list_start = .
 *(SORT_BY_NAME(SORT_BY_ALIGNMENT(._i2s_driver_api.static.*)))
                0x08004abc                        _i2s_driver_api_list_end = .
                0x08004abc                        _i2s_driver_api_ext_end = .
                0x08004abc                        _ipm_driver_api_list_start = .
 *(SORT_BY_NAME(SORT_BY_ALIGNMENT(._ipm_driver_api.static.*)))
                0x08004abc                        _ipm_driver_api_list_end = .
                0x08004abc                        _ipm_driver_api_ext_end = .
                0x08004abc                        _led_driver_api_list_start = .
 *(SORT_BY_NAME(SORT_BY_ALIGNMENT(._led_driver_api.static.*)))
                0x08004abc                        _led_driver_api_list_end = .
                0x08004abc                        _led_driver_api_ext_end = .
                0x08004abc                        _led_strip_driver_api_list_start = .
 *(SORT_BY_NAME(SORT_BY_ALIGNMENT(._led_strip_driver_api.static.*)))
                0x08004abc                        _led_strip_driver_api_list_end = .
                0x08004abc                        _led_strip_driver_api_ext_end = .
                0x08004abc                        _lora_driver_api_list_start = .
 *(SORT_BY_NAME(SORT_BY_ALIGNMENT(._lora_driver_api.static.*)))
                0x08004abc                        _lora_driver_api_list_end = .
                0x08004abc                        _lora_driver_api_ext_end = .
                0x08004abc                        _mbox_driver_api_list_start = .
 *(SORT_BY_NAME(SORT_BY_ALIGNMENT(._mbox_driver_api.static.*)))
                0x08004abc                        _mbox_driver_api_list_end = .
                0x08004abc                        _mbox_driver_api_ext_end = .
                0x08004abc                        _mdio_driver_api_list_start = .
 *(SORT_BY_NAME(SORT_BY_ALIGNMENT(._mdio_driver_api.static.*)))
                0x08004abc                        _mdio_driver_api_list_end = .
                0x08004abc                        _mdio_driver_api_ext_end = .
                0x08004abc                        _mipi_dbi_driver_api_list_start = .
 *(SORT_BY_NAME(SORT_BY_ALIGNMENT(._mipi_dbi_driver_api.static.*)))
                0x08004abc                        _mipi_dbi_driver_api_list_end = .
                0x08004abc                        _mipi_dbi_driver_api_ext_end = .
                0x08004abc                        _mipi_dsi_driver_api_list_start = .
 *(SORT_BY_NAME(SORT_BY_ALIGNMENT(._mipi_dsi_driver_api.static.*)))
                0x08004abc                        _mipi_dsi_driver_api_list_end = .
                0x08004abc                        _mipi_dsi_driver_api_ext_end = .
                0x08004abc                        _mspi_driver_api_list_start = .
 *(SORT_BY_NAME(SORT_BY_ALIGNMENT(._mspi_driver_api.static.*)))
                0x08004abc                        _mspi_driver_api_list_end = .
                0x08004abc                        _emul_mspi_driver_api_list_start = .
 *(SORT_BY_NAME(SORT_BY_ALIGNMENT(._emul_mspi_driver_api.static.*)))
                0x08004abc                        _emul_mspi_driver_api_list_end = .
                0x08004abc                        _emul_mspi_driver_api_ext_end = .
                0x08004abc                        _mspi_driver_api_ext_end = .
                0x08004abc                        _opamp_driver_api_list_start = .
 *(SORT_BY_NAME(SORT_BY_ALIGNMENT(._opamp_driver_api.static.*)))
                0x08004abc                        _opamp_driver_api_list_end = .
                0x08004abc                        _opamp_driver_api_ext_end = .
                0x08004abc                        _otp_driver_api_list_start = .
 *(SORT_BY_NAME(SORT_BY_ALIGNMENT(._otp_driver_api.static.*)))
                0x08004abc                        _otp_driver_api_list_end = .
                0x08004abc                        _otp_driver_api_ext_end = .
                0x08004abc                        _peci_driver_api_list_start = .
 *(SORT_BY_NAME(SORT_BY_ALIGNMENT(._peci_driver_api.static.*)))
                0x08004abc                        _peci_driver_api_list_end = .
                0x08004abc                        _peci_driver_api_ext_end = .
                0x08004abc                        _ps2_driver_api_list_start = .
 *(SORT_BY_NAME(SORT_BY_ALIGNMENT(._ps2_driver_api.static.*)))
                0x08004abc                        _ps2_driver_api_list_end = .
                0x08004abc                        _ps2_driver_api_ext_end = .
                0x08004abc                        _ptp_clock_driver_api_list_start = .
 *(SORT_BY_NAME(SORT_BY_ALIGNMENT(._ptp_clock_driver_api.static.*)))
                0x08004abc                        _ptp_clock_driver_api_list_end = .
                0x08004abc                        _ptp_clock_driver_api_ext_end = .
                0x08004abc                        _pwm_driver_api_list_start = .
 *(SORT_BY_NAME(SORT_BY_ALIGNMENT(._pwm_driver_api.static.*)))
                0x08004abc                        _pwm_driver_api_list_end = .
                0x08004abc                        _pwm_driver_api_ext_end = .
                0x08004abc                        _regulator_parent_driver_api_list_start = .
 *(SORT_BY_NAME(SORT_BY_ALIGNMENT(._regulator_parent_driver_api.static.*)))
                0x08004abc                        _regulator_parent_driver_api_list_end = .
                0x08004abc                        _regulator_parent_driver_api_ext_end = .
                0x08004abc                        _regulator_driver_api_list_start = .
 *(SORT_BY_NAME(SORT_BY_ALIGNMENT(._regulator_driver_api.static.*)))
                0x08004abc                        _regulator_driver_api_list_end = .
                0x08004abc                        _regulator_driver_api_ext_end = .
                0x08004abc                        _retained_mem_driver_api_list_start = .
 *(SORT_BY_NAME(SORT_BY_ALIGNMENT(._retained_mem_driver_api.static.*)))
                0x08004abc                        _retained_mem_driver_api_list_end = .
                0x08004abc                        _retained_mem_driver_api_ext_end = .
                0x08004abc                        _rtc_driver_api_list_start = .
 *(SORT_BY_NAME(SORT_BY_ALIGNMENT(._rtc_driver_api.static.*)))
                0x08004abc                        _rtc_driver_api_list_end = .
                0x08004abc                        _rtc_driver_api_ext_end = .
                0x08004abc                        _sdhc_driver_api_list_start = .
 *(SORT_BY_NAME(SORT_BY_ALIGNMENT(._sdhc_driver_api.static.*)))
                0x08004abc                        _sdhc_driver_api_list_end = .
                0x08004abc                        _sdhc_driver_api_ext_end = .
                0x08004abc                        _sensor_driver_api_list_start = .
 *(SORT_BY_NAME(SORT_BY_ALIGNMENT(._sensor_driver_api.static.*)))
                0x08004abc                        _sensor_driver_api_list_end = .
                0x08004abc                        _sensor_driver_api_ext_end = .
                0x08004abc                        _smbus_driver_api_list_start = .
 *(SORT_BY_NAME(SORT_BY_ALIGNMENT(._smbus_driver_api.static.*)))
                0x08004abc                        _smbus_driver_api_list_end = .
                0x08004abc                        _smbus_driver_api_ext_end = .
                0x08004abc                        _spi_driver_api_list_start = .
 *(SORT_BY_NAME(SORT_BY_ALIGNMENT(._spi_driver_api.static.*)))
                0x08004abc                        _spi_driver_api_list_end = .
                0x08004abc                        _spi_driver_api_ext_end = .
                0x08004abc                        _syscon_driver_api_list_start = .
 *(SORT_BY_NAME(SORT_BY_ALIGNMENT(._syscon_driver_api.static.*)))
                0x08004abc                        _syscon_driver_api_list_end = .
                0x08004abc                        _syscon_driver_api_ext_end = .
                0x08004abc                        _tee_driver_api_list_start = .
 *(SORT_BY_NAME(SORT_BY_ALIGNMENT(._tee_driver_api.static.*)))
                0x08004abc                        _tee_driver_api_list_end = .
                0x08004abc                        _tee_driver_api_ext_end = .
                0x08004abc                        _tgpio_driver_api_list_start = .
 *(SORT_BY_NAME(SORT_BY_ALIGNMENT(._tgpio_driver_api.static.*)))
                0x08004abc                        _tgpio_driver_api_list_end = .
                0x08004abc                        _tgpio_driver_api_ext_end = .
                0x08004abc                        _uaol_driver_api_list_start = .
 *(SORT_BY_NAME(SORT_BY_ALIGNMENT(._uaol_driver_api.static.*)))
                0x08004abc                        _uaol_driver_api_list_end = .
                0x08004abc                        _uaol_driver_api_ext_end = .
                0x08004abc                        _video_driver_api_list_start = .
 *(SORT_BY_NAME(SORT_BY_ALIGNMENT(._video_driver_api.static.*)))
                0x08004abc                        _video_driver_api_list_end = .
                0x08004abc                        _video_driver_api_ext_end = .
                0x08004abc                        _virtio_driver_api_list_start = .
 *(SORT_BY_NAME(SORT_BY_ALIGNMENT(._virtio_driver_api.static.*)))
                0x08004abc                        _virtio_driver_api_list_end = .
                0x08004abc                        _virtio_driver_api_ext_end = .
                0x08004abc                        _w1_driver_api_list_start = .
 *(SORT_BY_NAME(SORT_BY_ALIGNMENT(._w1_driver_api.static.*)))
                0x08004abc                        _w1_driver_api_list_end = .
                0x08004abc                        _w1_driver_api_ext_end = .
                0x08004abc                        _wdt_driver_api_list_start = .
 *(SORT_BY_NAME(SORT_BY_ALIGNMENT(._wdt_driver_api.static.*)))
                0x08004abc                        _wdt_driver_api_list_end = .
                0x08004abc                        _wdt_driver_api_ext_end = .
                0x08004abc                        _wuc_driver_api_list_start = .
 *(SORT_BY_NAME(SORT_BY_ALIGNMENT(._wuc_driver_api.static.*)))
                0x08004abc                        _wuc_driver_api_list_end = .
                0x08004abc                        _wuc_driver_api_ext_end = .
                0x08004abc                        _can_transceiver_driver_api_list_start = .
 *(SORT_BY_NAME(SORT_BY_ALIGNMENT(._can_transceiver_driver_api.static.*)))
                0x08004abc                        _can_transceiver_driver_api_list_end = .
                0x08004abc                        _can_transceiver_driver_api_ext_end = .
                0x08004abc                        _i3c_target_driver_api_list_start = .
 *(SORT_BY_NAME(SORT_BY_ALIGNMENT(._i3c_target_driver_api.static.*)))
                0x08004abc                        _i3c_target_driver_api_list_end = .
                0x08004abc                        _i3c_target_driver_api_ext_end = .
                0x08004abc                        _its_driver_api_list_start = .
 *(SORT_BY_NAME(SORT_BY_ALIGNMENT(._its_driver_api.static.*)))
                0x08004abc                        _its_driver_api_list_end = .
                0x08004abc                        _its_driver_api_ext_end = .
                0x08004abc                        _vtd_driver_api_list_start = .
 *(SORT_BY_NAME(SORT_BY_ALIGNMENT(._vtd_driver_api.static.*)))
                0x08004abc                        _vtd_driver_api_list_end = .
                0x08004abc                        _vtd_driver_api_ext_end = .
                0x08004abc                        _renesas_elc_driver_api_list_start = .
 *(SORT_BY_NAME(SORT_BY_ALIGNMENT(._renesas_elc_driver_api.static.*)))
                0x08004abc                        _renesas_elc_driver_api_list_end = .
                0x08004abc                        _renesas_elc_driver_api_ext_end = .
                0x08004abc                        _pcie_ctrl_driver_api_list_start = .
 *(SORT_BY_NAME(SORT_BY_ALIGNMENT(._pcie_ctrl_driver_api.static.*)))
                0x08004abc                        _pcie_ctrl_driver_api_list_end = .
                0x08004abc                        _pcie_ctrl_driver_api_ext_end = .
                0x08004abc                        _pcie_ep_driver_api_list_start = .
 *(SORT_BY_NAME(SORT_BY_ALIGNMENT(._pcie_ep_driver_api.static.*)))
                0x08004abc                        _pcie_ep_driver_api_list_end = .
                0x08004abc                        _pcie_ep_driver_api_ext_end = .
                0x08004abc                        _psi5_driver_api_list_start = .
 *(SORT_BY_NAME(SORT_BY_ALIGNMENT(._psi5_driver_api.static.*)))
                0x08004abc                        _psi5_driver_api_list_end = .
                0x08004abc                        _psi5_driver_api_ext_end = .
                0x08004abc                        _sent_driver_api_list_start = .
 *(SORT_BY_NAME(SORT_BY_ALIGNMENT(._sent_driver_api.static.*)))
                0x08004abc                        _sent_driver_api_list_end = .
                0x08004abc                        _sent_driver_api_ext_end = .
                0x08004abc                        _svc_driver_api_list_start = .
 *(SORT_BY_NAME(SORT_BY_ALIGNMENT(._svc_driver_api.static.*)))
                0x08004abc                        _svc_driver_api_list_end = .
                0x08004abc                        _svc_driver_api_ext_end = .
                0x08004abc                        _stepper_driver_api_list_start = .
 *(SORT_BY_NAME(SORT_BY_ALIGNMENT(._stepper_driver_api.static.*)))
                0x08004abc                        _stepper_driver_api_list_end = .
                0x08004abc                        _stepper_driver_api_ext_end = .
                0x08004abc                        _stepper_ctrl_driver_api_list_start = .
 *(SORT_BY_NAME(SORT_BY_ALIGNMENT(._stepper_ctrl_driver_api.static.*)))
                0x08004abc                        _stepper_ctrl_driver_api_list_end = .
                0x08004abc                        _stepper_ctrl_driver_api_ext_end = .
                0x08004abc                        _uart_driver_api_list_start = .
 *(SORT_BY_NAME(SORT_BY_ALIGNMENT(._uart_driver_api.static.*)))
 ._uart_driver_api.static.uart_stm32_driver_api_
                0x08004abc       0x14 zephyr/drivers/serial/libdrivers__serial.a(uart_stm32.c.obj)
                0x08004ad0                        _uart_driver_api_list_end = .
                0x08004ad0                        _uart_driver_api_ext_end = .
                0x08004ad0                        _bc12_emul_driver_api_list_start = .
 *(SORT_BY_NAME(SORT_BY_ALIGNMENT(._bc12_emul_driver_api.static.*)))
                0x08004ad0                        _bc12_emul_driver_api_list_end = .
                0x08004ad0                        _bc12_emul_driver_api_ext_end = .
                0x08004ad0                        _bc12_driver_api_list_start = .
 *(SORT_BY_NAME(SORT_BY_ALIGNMENT(._bc12_driver_api.static.*)))
                0x08004ad0                        _bc12_driver_api_list_end = .
                0x08004ad0                        _bc12_driver_api_ext_end = .
                0x08004ad0                        _usbc_ppc_driver_api_list_start = .
 *(SORT_BY_NAME(SORT_BY_ALIGNMENT(._usbc_ppc_driver_api.static.*)))
                0x08004ad0                        _usbc_ppc_driver_api_list_end = .
                0x08004ad0                        _usbc_ppc_driver_api_ext_end = .
                0x08004ad0                        _tcpc_driver_api_list_start = .
 *(SORT_BY_NAME(SORT_BY_ALIGNMENT(._tcpc_driver_api.static.*)))
                0x08004ad0                        _tcpc_driver_api_list_end = .
                0x08004ad0                        _tcpc_driver_api_ext_end = .
                0x08004ad0                        _usbc_vbus_driver_api_list_start = .
 *(SORT_BY_NAME(SORT_BY_ALIGNMENT(._usbc_vbus_driver_api.static.*)))
                0x08004ad0                        _usbc_vbus_driver_api_list_end = .
                0x08004ad0                        _usbc_vbus_driver_api_ext_end = .
                0x08004ad0                        _ivshmem_driver_api_list_start = .
 *(SORT_BY_NAME(SORT_BY_ALIGNMENT(._ivshmem_driver_api.static.*)))
                0x08004ad0                        _ivshmem_driver_api_list_end = .
                0x08004ad0                        _ivshmem_driver_api_ext_end = .
                0x08004ad0                        _ethphy_driver_api_list_start = .
 *(SORT_BY_NAME(SORT_BY_ALIGNMENT(._ethphy_driver_api.static.*)))
                0x08004ad0                        _ethphy_driver_api_list_end = .
                0x08004ad0                        _ethphy_driver_api_ext_end = .

ztest           0x08004ad0        0x0
                0x08004ad0                        _ztest_expected_result_entry_list_start = .
 *(SORT_BY_NAME(SORT_BY_ALIGNMENT(._ztest_expected_result_entry.static.*)))
                0x08004ad0                        _ztest_expected_result_entry_list_end = .
                0x08004ad0                        _ztest_suite_node_list_start = .
 *(SORT_BY_NAME(SORT_BY_ALIGNMENT(._ztest_suite_node.static.*)))
                0x08004ad0                        _ztest_suite_node_list_end = .
                0x08004ad0                        _ztest_unit_test_list_start = .
 *(SORT_BY_NAME(SORT_BY_ALIGNMENT(._ztest_unit_test.static.*)))
                0x08004ad0                        _ztest_unit_test_list_end = .
                0x08004ad0                        _ztest_test_rule_list_start = .
 *(SORT_BY_NAME(SORT_BY_ALIGNMENT(._ztest_test_rule.static.*)))
                0x08004ad0                        _ztest_test_rule_list_end = .

init_array      0x08004ad0        0x4
                0x08004ad0                        __zephyr_init_array_start = .
 *(SORT_BY_INIT_PRIORITY(.init_array.*) SORT_BY_INIT_PRIORITY(.ctors.*))
 *(SORT_BY_ALIGNMENT(.init_array) SORT_BY_ALIGNMENT(.ctors))
 .init_array    0x08004ad0        0x4 app/libapp.a(main.cpp.obj)
                0x08004ad4                        __zephyr_init_array_end = .

bt_l2cap_fixed_chan_area
                0x08004ad4        0x0
                0x08004ad4                        _bt_l2cap_fixed_chan_list_start = .
 *(SORT_BY_NAME(SORT_BY_ALIGNMENT(._bt_l2cap_fixed_chan.static.*)))
                0x08004ad4                        _bt_l2cap_fixed_chan_list_end = .

bt_gatt_service_static_area
                0x08004ad4        0x0
                0x08004ad4                        _bt_gatt_service_static_list_start = .
 *(SORT_BY_NAME(SORT_BY_ALIGNMENT(._bt_gatt_service_static.static.*)))
                0x08004ad4                        _bt_gatt_service_static_list_end = .

log_strings_area
                0x08004ad4        0x0
                0x08004ad4                        _log_strings_list_start = .
 *(SORT_BY_NAME(SORT_BY_ALIGNMENT(._log_strings.static.*)))
                0x08004ad4                        _log_strings_list_end = .

log_stmesp_ptr_area
                0x08004ad4        0x0
                0x08004ad4                        _log_stmesp_ptr_list_start = .
 *(SORT_BY_NAME(SORT_BY_ALIGNMENT(._log_stmesp_ptr.static.*)))
                0x08004ad4                        _log_stmesp_ptr_list_end = .

log_stmesp_str_area
                0x08004ad4        0x0
                0x08004ad4                        _log_stmesp_str_list_start = .
 *(SORT_BY_NAME(SORT_BY_ALIGNMENT(._log_stmesp_str.static.*)))
                0x08004ad4                        _log_stmesp_str_list_end = .

log_const_area  0x08004ad4        0x0
                0x08004ad4                        _log_const_list_start = .
 *(SORT_BY_NAME(SORT_BY_ALIGNMENT(._log_const.static.*)))
                0x08004ad4                        _log_const_list_end = .

log_backend_area
                0x08004ad4        0x0
                0x08004ad4                        _log_backend_list_start = .
 *(SORT_BY_NAME(SORT_BY_ALIGNMENT(._log_backend.static.*)))
                0x08004ad4                        _log_backend_list_end = .

log_link_area   0x08004ad4        0x0
                0x08004ad4                        _log_link_list_start = .
 *(SORT_BY_NAME(SORT_BY_ALIGNMENT(._log_link.static.*)))
                0x08004ad4                        _log_link_list_end = .

tracing_backend_area
                0x08004ad4        0x0
                0x08004ad4                        _tracing_backend_list_start = .
 *(SORT_BY_NAME(SORT_BY_ALIGNMENT(._tracing_backend.static.*)))
                0x08004ad4                        _tracing_backend_list_end = .

zephyr_dbg_info
 *(SORT_BY_ALIGNMENT(.dbg_thread_info))

intc_table_area
                0x08004ad4        0x0
                0x08004ad4                        _intc_table_list_start = .
 *(SORT_BY_NAME(SORT_BY_ALIGNMENT(._intc_table.static.*)))
                0x08004ad4                        _intc_table_list_end = .

symbol_to_keep  0x08004ad4        0x0